/usr/local/lib/python3.13/dist-packages/transformers/modeling_rope_utils.py:1080: FutureWarning: `rope_config_validation` is deprecated and has been removed. Its functionality has been moved to RotaryEmbeddingConfigMixin.validate_rope method. PreTrainedConfig inherits this class, so please call self.validate_rope() instead. Also, make sure to use the new rope_parameters syntax. You can call self.standardize_rope_params() in the meantime.
  warnings.warn(
[transformers] Unrecognized keys in `rope_parameters` for 'rope_type'='yarn': {'llama_4_scaling_beta'}
[transformers] Unrecognized keys in `rope_parameters` for 'rope_type'='yarn': {'llama_4_scaling_beta'}
[transformers] Model config: mask_token_id must be `None` or an integer within the vocabulary (between 0 and 131071), got -1. This may result in unexpected behavior.
[transformers] Unrecognized keys in `rope_parameters` for 'rope_type'='yarn': {'llama_4_scaling_beta'}
[transformers] Unrecognized keys in `rope_parameters` for 'rope_type'='yarn': {'llama_4_scaling_beta'}
[transformers] The `check_model_inputs` decorator is deprecated in favor of `merge_with_config_defaults`.
[ERROR] `cache_position` is part of Ministral3Model.forward's signature, but not documented. Make sure to add it to the docstring of the function in /root/.cache/huggingface/modules/transformers_modules/nvidia/Nemotron_hyphen_Labs_hyphen_Diffusion_hyphen_3B/0d51902da1f8869f83413ce642fab402fa5641e0/modeling_ministral.py.
Loading weights:   0%|          | 0/237 [00:00<?, ?it/s]Loading weights: 100%|██████████| 237/237 [00:00<00:00, 5226.31it/s]
Warning: You are sending unauthenticated requests to the HF Hub. Please set a HF_TOKEN to enable higher rate limits and faster downloads.
{"arm": "nemotron-3b-ar", "case_id": "easy-00", "stop_reason": "eos", "output_tokens": 33, "nfe": 34, "elapsed_seconds": 1.263}
{"arm": "nemotron-3b-ar", "case_id": "easy-01", "stop_reason": "eos", "output_tokens": 38, "nfe": 39, "elapsed_seconds": 1.43}
{"arm": "nemotron-3b-ar", "case_id": "easy-02", "stop_reason": "eos", "output_tokens": 48, "nfe": 49, "elapsed_seconds": 1.7917}
{"arm": "nemotron-3b-ar", "case_id": "easy-03", "stop_reason": "eos", "output_tokens": 33, "nfe": 34, "elapsed_seconds": 1.2502}
{"arm": "nemotron-3b-ar", "case_id": "easy-04", "stop_reason": "eos", "output_tokens": 43, "nfe": 44, "elapsed_seconds": 1.577}
{"arm": "nemotron-3b-ar", "case_id": "easy-05", "stop_reason": "eos", "output_tokens": 28, "nfe": 29, "elapsed_seconds": 1.0581}
{"arm": "nemotron-3b-ar", "case_id": "easy-06", "stop_reason": "eos", "output_tokens": 63, "nfe": 64, "elapsed_seconds": 2.3266}
{"arm": "nemotron-3b-ar", "case_id": "easy-07", "stop_reason": "eos", "output_tokens": 53, "nfe": 54, "elapsed_seconds": 1.9984}
{"arm": "nemotron-3b-ar", "case_id": "easy-08", "stop_reason": "eos", "output_tokens": 28, "nfe": 29, "elapsed_seconds": 1.0671}
{"arm": "nemotron-3b-ar", "case_id": "easy-09", "stop_reason": "eos", "output_tokens": 48, "nfe": 49, "elapsed_seconds": 1.801}
{"arm": "nemotron-3b-ar", "case_id": "easy-10", "stop_reason": "eos", "output_tokens": 58, "nfe": 59, "elapsed_seconds": 2.1793}
{"arm": "nemotron-3b-ar", "case_id": "easy-11", "stop_reason": "eos", "output_tokens": 63, "nfe": 64, "elapsed_seconds": 2.3249}
{"arm": "nemotron-3b-ar", "case_id": "easy-12", "stop_reason": "eos", "output_tokens": 33, "nfe": 34, "elapsed_seconds": 1.2475}
{"arm": "nemotron-3b-ar", "case_id": "easy-13", "stop_reason": "eos", "output_tokens": 53, "nfe": 54, "elapsed_seconds": 1.9493}
{"arm": "nemotron-3b-ar", "case_id": "easy-14", "stop_reason": "eos", "output_tokens": 43, "nfe": 44, "elapsed_seconds": 1.5879}
{"arm": "nemotron-3b-ar", "case_id": "easy-15", "stop_reason": "eos", "output_tokens": 38, "nfe": 39, "elapsed_seconds": 1.4118}
{"arm": "nemotron-3b-ar", "case_id": "easy-16", "stop_reason": "eos", "output_tokens": 38, "nfe": 39, "elapsed_seconds": 1.4248}
{"arm": "nemotron-3b-ar", "case_id": "easy-17", "stop_reason": "eos", "output_tokens": 38, "nfe": 39, "elapsed_seconds": 1.4352}
{"arm": "nemotron-3b-ar", "case_id": "easy-18", "stop_reason": "eos", "output_tokens": 48, "nfe": 49, "elapsed_seconds": 1.7929}
{"arm": "nemotron-3b-ar", "case_id": "easy-19", "stop_reason": "eos", "output_tokens": 38, "nfe": 39, "elapsed_seconds": 1.4416}
[transformers] Calling `crop` with a positive value is deprecated and will be removed in version 5.18. Please use a negative integer to remove that number of tokens from the cache instead.
{"arm": "nemotron-3b-linear_spec", "case_id": "easy-00", "stop_reason": "eos", "output_tokens": 33, "nfe": 7, "elapsed_seconds": 0.3092}
{"arm": "nemotron-3b-linear_spec", "case_id": "easy-01", "stop_reason": "eos", "output_tokens": 38, "nfe": 9, "elapsed_seconds": 0.3953}
{"arm": "nemotron-3b-linear_spec", "case_id": "easy-02", "stop_reason": "eos", "output_tokens": 48, "nfe": 13, "elapsed_seconds": 0.5643}
{"arm": "nemotron-3b-linear_spec", "case_id": "easy-03", "stop_reason": "eos", "output_tokens": 33, "nfe": 7, "elapsed_seconds": 0.3099}
{"arm": "nemotron-3b-linear_spec", "case_id": "easy-04", "stop_reason": "eos", "output_tokens": 43, "nfe": 9, "elapsed_seconds": 0.388}
{"arm": "nemotron-3b-linear_spec", "case_id": "easy-05", "stop_reason": "eos", "output_tokens": 28, "nfe": 7, "elapsed_seconds": 0.3104}
{"arm": "nemotron-3b-linear_spec", "case_id": "easy-06", "stop_reason": "eos", "output_tokens": 63, "nfe": 11, "elapsed_seconds": 0.4796}
{"arm": "nemotron-3b-linear_spec", "case_id": "easy-07", "stop_reason": "eos", "output_tokens": 53, "nfe": 11, "elapsed_seconds": 0.4779}
{"arm": "nemotron-3b-linear_spec", "case_id": "easy-08", "stop_reason": "eos", "output_tokens": 28, "nfe": 7, "elapsed_seconds": 0.3087}
{"arm": "nemotron-3b-linear_spec", "case_id": "easy-09", "stop_reason": "eos", "output_tokens": 48, "nfe": 13, "elapsed_seconds": 0.5535}
{"arm": "nemotron-3b-linear_spec", "case_id": "easy-10", "stop_reason": "eos", "output_tokens": 58, "nfe": 13, "elapsed_seconds": 0.5589}
{"arm": "nemotron-3b-linear_spec", "case_id": "easy-11", "stop_reason": "eos", "output_tokens": 63, "nfe": 15, "elapsed_seconds": 0.6369}
{"arm": "nemotron-3b-linear_spec", "case_id": "easy-12", "stop_reason": "eos", "output_tokens": 33, "nfe": 7, "elapsed_seconds": 0.3102}
{"arm": "nemotron-3b-linear_spec", "case_id": "easy-13", "stop_reason": "eos", "output_tokens": 53, "nfe": 11, "elapsed_seconds": 0.4717}
{"arm": "nemotron-3b-linear_spec", "case_id": "easy-14", "stop_reason": "eos", "output_tokens": 43, "nfe": 13, "elapsed_seconds": 0.5589}
{"arm": "nemotron-3b-linear_spec", "case_id": "easy-15", "stop_reason": "eos", "output_tokens": 38, "nfe": 9, "elapsed_seconds": 0.4057}
{"arm": "nemotron-3b-linear_spec", "case_id": "easy-16", "stop_reason": "eos", "output_tokens": 38, "nfe": 7, "elapsed_seconds": 0.3066}
{"arm": "nemotron-3b-linear_spec", "case_id": "easy-17", "stop_reason": "eos", "output_tokens": 38, "nfe": 11, "elapsed_seconds": 0.4677}
{"arm": "nemotron-3b-linear_spec", "case_id": "easy-18", "stop_reason": "eos", "output_tokens": 48, "nfe": 13, "elapsed_seconds": 0.5654}
{"arm": "nemotron-3b-linear_spec", "case_id": "easy-19", "stop_reason": "eos", "output_tokens": 38, "nfe": 9, "elapsed_seconds": 0.3909}
{"arm": "nemotron-3b-diffusion", "case_id": "easy-00", "stop_reason": "eos", "output_tokens": 33, "nfe": 12, "elapsed_seconds": 0.5392}
{"arm": "nemotron-3b-diffusion", "case_id": "easy-01", "stop_reason": "eos", "output_tokens": 43, "nfe": 12, "elapsed_seconds": 0.5409}
{"arm": "nemotron-3b-diffusion", "case_id": "easy-02", "stop_reason": "eos", "output_tokens": 33, "nfe": 15, "elapsed_seconds": 0.6606}
{"arm": "nemotron-3b-diffusion", "case_id": "easy-03", "stop_reason": "eos", "output_tokens": 38, "nfe": 12, "elapsed_seconds": 0.5417}
{"arm": "nemotron-3b-diffusion", "case_id": "easy-04", "stop_reason": "eos", "output_tokens": 33, "nfe": 14, "elapsed_seconds": 0.6196}
{"arm": "nemotron-3b-diffusion", "case_id": "easy-05", "stop_reason": "eos", "output_tokens": 33, "nfe": 17, "elapsed_seconds": 0.7398}
{"arm": "nemotron-3b-diffusion", "case_id": "easy-06", "stop_reason": "eos", "output_tokens": 113, "nfe": 34, "elapsed_seconds": 1.4148}
{"arm": "nemotron-3b-diffusion", "case_id": "easy-07", "stop_reason": "eos", "output_tokens": 43, "nfe": 20, "elapsed_seconds": 0.8535}
{"arm": "nemotron-3b-diffusion", "case_id": "easy-08", "stop_reason": "eos", "output_tokens": 43, "nfe": 14, "elapsed_seconds": 0.6202}
{"arm": "nemotron-3b-diffusion", "case_id": "easy-09", "stop_reason": "eos", "output_tokens": 48, "nfe": 16, "elapsed_seconds": 0.7219}
{"arm": "nemotron-3b-diffusion", "case_id": "easy-10", "stop_reason": "eos", "output_tokens": 53, "nfe": 18, "elapsed_seconds": 0.7852}
{"arm": "nemotron-3b-diffusion", "case_id": "easy-11", "stop_reason": "eos", "output_tokens": 58, "nfe": 17, "elapsed_seconds": 0.732}
{"arm": "nemotron-3b-diffusion", "case_id": "easy-12", "stop_reason": "eos", "output_tokens": 48, "nfe": 20, "elapsed_seconds": 0.8552}
{"arm": "nemotron-3b-diffusion", "case_id": "easy-13", "stop_reason": "eos", "output_tokens": 53, "nfe": 19, "elapsed_seconds": 0.8236}
{"arm": "nemotron-3b-diffusion", "case_id": "easy-14", "stop_reason": "eos", "output_tokens": 43, "nfe": 11, "elapsed_seconds": 0.502}
{"arm": "nemotron-3b-diffusion", "case_id": "easy-15", "stop_reason": "eos", "output_tokens": 33, "nfe": 15, "elapsed_seconds": 0.6495}
{"arm": "nemotron-3b-diffusion", "case_id": "easy-16", "stop_reason": "eos", "output_tokens": 33, "nfe": 16, "elapsed_seconds": 0.706}
{"arm": "nemotron-3b-diffusion", "case_id": "easy-17", "stop_reason": "eos", "output_tokens": 38, "nfe": 13, "elapsed_seconds": 0.5788}
{"arm": "nemotron-3b-diffusion", "case_id": "easy-18", "stop_reason": "eos", "output_tokens": 33, "nfe": 14, "elapsed_seconds": 0.6205}
{"arm": "nemotron-3b-diffusion", "case_id": "easy-19", "stop_reason": "eos", "output_tokens": 33, "nfe": 15, "elapsed_seconds": 0.6541}
