Warning: You are sending unauthenticated requests to the HF Hub. Please set a HF_TOKEN to enable higher rate limits and faster downloads.
/usr/local/lib/python3.13/dist-packages/transformers/modeling_rope_utils.py:1080: FutureWarning: `rope_config_validation` is deprecated and has been removed. Its functionality has been moved to RotaryEmbeddingConfigMixin.validate_rope method. PreTrainedConfig inherits this class, so please call self.validate_rope() instead. Also, make sure to use the new rope_parameters syntax. You can call self.standardize_rope_params() in the meantime.
  warnings.warn(
[transformers] Unrecognized keys in `rope_parameters` for 'rope_type'='yarn': {'llama_4_scaling_beta'}
[transformers] Unrecognized keys in `rope_parameters` for 'rope_type'='yarn': {'llama_4_scaling_beta'}
[transformers] Model config: mask_token_id must be `None` or an integer within the vocabulary (between 0 and 131071), got -1. This may result in unexpected behavior.
[transformers] Unrecognized keys in `rope_parameters` for 'rope_type'='yarn': {'llama_4_scaling_beta'}
[transformers] Unrecognized keys in `rope_parameters` for 'rope_type'='yarn': {'llama_4_scaling_beta'}
[transformers] The `check_model_inputs` decorator is deprecated in favor of `merge_with_config_defaults`.
[ERROR] `cache_position` is part of Ministral3Model.forward's signature, but not documented. Make sure to add it to the docstring of the function in /root/.cache/huggingface/modules/transformers_modules/nvidia/Nemotron_hyphen_Labs_hyphen_Diffusion_hyphen_3B/0d51902da1f8869f83413ce642fab402fa5641e0/modeling_ministral.py.
Loading weights:   0%|          | 0/237 [00:00<?, ?it/s]Loading weights: 100%|██████████| 237/237 [00:00<00:00, 4083.65it/s]
{"arm": "nemotron-3b-ar", "case_id": "reach-00", "stop_reason": "eos", "output_tokens": 53, "nfe": 54, "elapsed_seconds": 2.0347}
{"arm": "nemotron-3b-ar", "case_id": "reach-01", "stop_reason": "eos", "output_tokens": 73, "nfe": 74, "elapsed_seconds": 2.7529}
{"arm": "nemotron-3b-ar", "case_id": "reach-02", "stop_reason": "eos", "output_tokens": 43, "nfe": 44, "elapsed_seconds": 1.6526}
{"arm": "nemotron-3b-ar", "case_id": "reach-03", "stop_reason": "eos", "output_tokens": 43, "nfe": 44, "elapsed_seconds": 1.6459}
{"arm": "nemotron-3b-ar", "case_id": "reach-04", "stop_reason": "eos", "output_tokens": 68, "nfe": 69, "elapsed_seconds": 2.5638}
{"arm": "nemotron-3b-ar", "case_id": "reach-05", "stop_reason": "eos", "output_tokens": 108, "nfe": 109, "elapsed_seconds": 4.0188}
{"arm": "nemotron-3b-ar", "case_id": "reach-06", "stop_reason": "eos", "output_tokens": 38, "nfe": 39, "elapsed_seconds": 1.4608}
{"arm": "nemotron-3b-ar", "case_id": "reach-07", "stop_reason": "eos", "output_tokens": 23, "nfe": 24, "elapsed_seconds": 0.9334}
{"arm": "nemotron-3b-ar", "case_id": "reach-08", "stop_reason": "eos", "output_tokens": 33, "nfe": 34, "elapsed_seconds": 1.2891}
{"arm": "nemotron-3b-ar", "case_id": "reach-09", "stop_reason": "eos", "output_tokens": 73, "nfe": 74, "elapsed_seconds": 2.7706}
{"arm": "nemotron-3b-ar", "case_id": "reach-10", "stop_reason": "eos", "output_tokens": 73, "nfe": 74, "elapsed_seconds": 2.7527}
{"arm": "nemotron-3b-ar", "case_id": "reach-11", "stop_reason": "eos", "output_tokens": 123, "nfe": 124, "elapsed_seconds": 4.5903}
{"arm": "nemotron-3b-ar", "case_id": "reach-12", "stop_reason": "eos", "output_tokens": 43, "nfe": 44, "elapsed_seconds": 1.6469}
{"arm": "nemotron-3b-ar", "case_id": "reach-13", "stop_reason": "eos", "output_tokens": 83, "nfe": 84, "elapsed_seconds": 3.1678}
{"arm": "nemotron-3b-ar", "case_id": "reach-14", "stop_reason": "eos", "output_tokens": 43, "nfe": 44, "elapsed_seconds": 1.6499}
{"arm": "nemotron-3b-ar", "case_id": "reach-15", "stop_reason": "eos", "output_tokens": 63, "nfe": 64, "elapsed_seconds": 2.3797}
{"arm": "nemotron-3b-ar", "case_id": "reach-16", "stop_reason": "eos", "output_tokens": 48, "nfe": 49, "elapsed_seconds": 1.837}
{"arm": "nemotron-3b-ar", "case_id": "reach-17", "stop_reason": "eos", "output_tokens": 93, "nfe": 94, "elapsed_seconds": 3.5025}
{"arm": "nemotron-3b-ar", "case_id": "reach-18", "stop_reason": "eos", "output_tokens": 43, "nfe": 44, "elapsed_seconds": 1.6726}
{"arm": "nemotron-3b-ar", "case_id": "reach-19", "stop_reason": "eos", "output_tokens": 38, "nfe": 39, "elapsed_seconds": 1.4714}
{"arm": "nemotron-3b-ar", "case_id": "pickup-00", "stop_reason": "max_new_tokens", "output_tokens": 768, "nfe": 768, "elapsed_seconds": 28.2901}
{"arm": "nemotron-3b-ar", "case_id": "pickup-01", "stop_reason": "eos", "output_tokens": 83, "nfe": 84, "elapsed_seconds": 3.159}
{"arm": "nemotron-3b-ar", "case_id": "pickup-02", "stop_reason": "eos", "output_tokens": 138, "nfe": 139, "elapsed_seconds": 5.1804}
{"arm": "nemotron-3b-ar", "case_id": "pickup-03", "stop_reason": "eos", "output_tokens": 123, "nfe": 124, "elapsed_seconds": 4.6349}
{"arm": "nemotron-3b-ar", "case_id": "pickup-04", "stop_reason": "eos", "output_tokens": 163, "nfe": 164, "elapsed_seconds": 6.079}
{"arm": "nemotron-3b-ar", "case_id": "pickup-05", "stop_reason": "eos", "output_tokens": 53, "nfe": 54, "elapsed_seconds": 2.0423}
{"arm": "nemotron-3b-ar", "case_id": "pickup-06", "stop_reason": "eos", "output_tokens": 83, "nfe": 84, "elapsed_seconds": 3.1444}
{"arm": "nemotron-3b-ar", "case_id": "pickup-07", "stop_reason": "eos", "output_tokens": 118, "nfe": 119, "elapsed_seconds": 4.4542}
{"arm": "nemotron-3b-ar", "case_id": "pickup-08", "stop_reason": "eos", "output_tokens": 93, "nfe": 94, "elapsed_seconds": 3.488}
{"arm": "nemotron-3b-ar", "case_id": "pickup-09", "stop_reason": "eos", "output_tokens": 63, "nfe": 64, "elapsed_seconds": 2.3919}
{"arm": "nemotron-3b-ar", "case_id": "pickup-10", "stop_reason": "eos", "output_tokens": 138, "nfe": 139, "elapsed_seconds": 5.1789}
{"arm": "nemotron-3b-ar", "case_id": "pickup-11", "stop_reason": "eos", "output_tokens": 228, "nfe": 229, "elapsed_seconds": 8.5211}
{"arm": "nemotron-3b-ar", "case_id": "pickup-12", "stop_reason": "eos", "output_tokens": 93, "nfe": 94, "elapsed_seconds": 3.5157}
{"arm": "nemotron-3b-ar", "case_id": "pickup-13", "stop_reason": "eos", "output_tokens": 38, "nfe": 39, "elapsed_seconds": 1.4889}
{"arm": "nemotron-3b-ar", "case_id": "pickup-14", "stop_reason": "eos", "output_tokens": 158, "nfe": 159, "elapsed_seconds": 5.8999}
{"arm": "nemotron-3b-ar", "case_id": "pickup-15", "stop_reason": "eos", "output_tokens": 148, "nfe": 149, "elapsed_seconds": 5.5496}
{"arm": "nemotron-3b-ar", "case_id": "pickup-16", "stop_reason": "eos", "output_tokens": 93, "nfe": 94, "elapsed_seconds": 3.5038}
{"arm": "nemotron-3b-ar", "case_id": "pickup-17", "stop_reason": "eos", "output_tokens": 128, "nfe": 129, "elapsed_seconds": 4.8114}
{"arm": "nemotron-3b-ar", "case_id": "pickup-18", "stop_reason": "eos", "output_tokens": 133, "nfe": 134, "elapsed_seconds": 4.9631}
{"arm": "nemotron-3b-ar", "case_id": "pickup-19", "stop_reason": "eos", "output_tokens": 133, "nfe": 134, "elapsed_seconds": 4.9724}
{"arm": "nemotron-3b-ar", "case_id": "key_door-00", "stop_reason": "eos", "output_tokens": 63, "nfe": 64, "elapsed_seconds": 2.4639}
{"arm": "nemotron-3b-ar", "case_id": "key_door-01", "stop_reason": "eos", "output_tokens": 78, "nfe": 79, "elapsed_seconds": 2.9722}
{"arm": "nemotron-3b-ar", "case_id": "key_door-02", "stop_reason": "eos", "output_tokens": 53, "nfe": 54, "elapsed_seconds": 2.0694}
{"arm": "nemotron-3b-ar", "case_id": "key_door-03", "stop_reason": "eos", "output_tokens": 78, "nfe": 79, "elapsed_seconds": 2.9357}
{"arm": "nemotron-3b-ar", "case_id": "key_door-04", "stop_reason": "eos", "output_tokens": 88, "nfe": 89, "elapsed_seconds": 3.3475}
{"arm": "nemotron-3b-ar", "case_id": "key_door-05", "stop_reason": "eos", "output_tokens": 158, "nfe": 159, "elapsed_seconds": 5.9528}
{"arm": "nemotron-3b-ar", "case_id": "key_door-06", "stop_reason": "eos", "output_tokens": 98, "nfe": 99, "elapsed_seconds": 3.733}
{"arm": "nemotron-3b-ar", "case_id": "key_door-07", "stop_reason": "eos", "output_tokens": 73, "nfe": 74, "elapsed_seconds": 2.8149}
{"arm": "nemotron-3b-ar", "case_id": "key_door-08", "stop_reason": "eos", "output_tokens": 253, "nfe": 254, "elapsed_seconds": 9.4607}
{"arm": "nemotron-3b-ar", "case_id": "key_door-09", "stop_reason": "eos", "output_tokens": 263, "nfe": 264, "elapsed_seconds": 9.7584}
{"arm": "nemotron-3b-ar", "case_id": "key_door-10", "stop_reason": "eos", "output_tokens": 48, "nfe": 49, "elapsed_seconds": 1.8633}
{"arm": "nemotron-3b-ar", "case_id": "key_door-11", "stop_reason": "eos", "output_tokens": 73, "nfe": 74, "elapsed_seconds": 2.7706}
{"arm": "nemotron-3b-ar", "case_id": "key_door-12", "stop_reason": "eos", "output_tokens": 223, "nfe": 224, "elapsed_seconds": 8.311}
{"arm": "nemotron-3b-ar", "case_id": "key_door-13", "stop_reason": "max_new_tokens", "output_tokens": 768, "nfe": 768, "elapsed_seconds": 28.3476}
{"arm": "nemotron-3b-ar", "case_id": "key_door-14", "stop_reason": "eos", "output_tokens": 153, "nfe": 154, "elapsed_seconds": 5.7398}
{"arm": "nemotron-3b-ar", "case_id": "key_door-15", "stop_reason": "eos", "output_tokens": 183, "nfe": 184, "elapsed_seconds": 6.8514}
{"arm": "nemotron-3b-ar", "case_id": "key_door-16", "stop_reason": "eos", "output_tokens": 218, "nfe": 219, "elapsed_seconds": 8.1221}
{"arm": "nemotron-3b-ar", "case_id": "key_door-17", "stop_reason": "eos", "output_tokens": 118, "nfe": 119, "elapsed_seconds": 4.4582}
{"arm": "nemotron-3b-ar", "case_id": "key_door-18", "stop_reason": "eos", "output_tokens": 163, "nfe": 164, "elapsed_seconds": 6.1605}
{"arm": "nemotron-3b-ar", "case_id": "key_door-19", "stop_reason": "eos", "output_tokens": 288, "nfe": 289, "elapsed_seconds": 10.6711}
[transformers] Calling `crop` with a positive value is deprecated and will be removed in version 5.18. Please use a negative integer to remove that number of tokens from the cache instead.
{"arm": "nemotron-3b-linear_spec", "case_id": "reach-00", "stop_reason": "eos", "output_tokens": 53, "nfe": 13, "elapsed_seconds": 0.5702}
{"arm": "nemotron-3b-linear_spec", "case_id": "reach-01", "stop_reason": "eos", "output_tokens": 73, "nfe": 21, "elapsed_seconds": 0.9148}
{"arm": "nemotron-3b-linear_spec", "case_id": "reach-02", "stop_reason": "eos", "output_tokens": 43, "nfe": 11, "elapsed_seconds": 0.5002}
{"arm": "nemotron-3b-linear_spec", "case_id": "reach-03", "stop_reason": "eos", "output_tokens": 43, "nfe": 13, "elapsed_seconds": 0.5636}
{"arm": "nemotron-3b-linear_spec", "case_id": "reach-04", "stop_reason": "eos", "output_tokens": 68, "nfe": 17, "elapsed_seconds": 0.7432}
{"arm": "nemotron-3b-linear_spec", "case_id": "reach-05", "stop_reason": "eos", "output_tokens": 108, "nfe": 25, "elapsed_seconds": 1.0919}
{"arm": "nemotron-3b-linear_spec", "case_id": "reach-06", "stop_reason": "eos", "output_tokens": 38, "nfe": 11, "elapsed_seconds": 0.4798}
{"arm": "nemotron-3b-linear_spec", "case_id": "reach-07", "stop_reason": "eos", "output_tokens": 23, "nfe": 7, "elapsed_seconds": 0.3106}
{"arm": "nemotron-3b-linear_spec", "case_id": "reach-08", "stop_reason": "eos", "output_tokens": 33, "nfe": 7, "elapsed_seconds": 0.306}
{"arm": "nemotron-3b-linear_spec", "case_id": "reach-09", "stop_reason": "eos", "output_tokens": 73, "nfe": 17, "elapsed_seconds": 0.7356}
{"arm": "nemotron-3b-linear_spec", "case_id": "reach-10", "stop_reason": "eos", "output_tokens": 83, "nfe": 25, "elapsed_seconds": 1.0748}
{"arm": "nemotron-3b-linear_spec", "case_id": "reach-11", "stop_reason": "eos", "output_tokens": 123, "nfe": 31, "elapsed_seconds": 1.3276}
{"arm": "nemotron-3b-linear_spec", "case_id": "reach-12", "stop_reason": "eos", "output_tokens": 43, "nfe": 13, "elapsed_seconds": 0.5652}
{"arm": "nemotron-3b-linear_spec", "case_id": "reach-13", "stop_reason": "eos", "output_tokens": 83, "nfe": 19, "elapsed_seconds": 0.8299}
{"arm": "nemotron-3b-linear_spec", "case_id": "reach-14", "stop_reason": "eos", "output_tokens": 43, "nfe": 9, "elapsed_seconds": 0.3956}
{"arm": "nemotron-3b-linear_spec", "case_id": "reach-15", "stop_reason": "eos", "output_tokens": 38, "nfe": 9, "elapsed_seconds": 0.399}
{"arm": "nemotron-3b-linear_spec", "case_id": "reach-16", "stop_reason": "eos", "output_tokens": 48, "nfe": 11, "elapsed_seconds": 0.479}
{"arm": "nemotron-3b-linear_spec", "case_id": "reach-17", "stop_reason": "eos", "output_tokens": 93, "nfe": 21, "elapsed_seconds": 0.921}
{"arm": "nemotron-3b-linear_spec", "case_id": "reach-18", "stop_reason": "eos", "output_tokens": 43, "nfe": 9, "elapsed_seconds": 0.3932}
{"arm": "nemotron-3b-linear_spec", "case_id": "reach-19", "stop_reason": "eos", "output_tokens": 38, "nfe": 9, "elapsed_seconds": 0.3953}
{"arm": "nemotron-3b-linear_spec", "case_id": "pickup-00", "stop_reason": "max_new_tokens", "output_tokens": 777, "nfe": 107, "elapsed_seconds": 4.5583}
{"arm": "nemotron-3b-linear_spec", "case_id": "pickup-01", "stop_reason": "eos", "output_tokens": 83, "nfe": 13, "elapsed_seconds": 0.6032}
{"arm": "nemotron-3b-linear_spec", "case_id": "pickup-02", "stop_reason": "eos", "output_tokens": 138, "nfe": 21, "elapsed_seconds": 0.9197}
{"arm": "nemotron-3b-linear_spec", "case_id": "pickup-03", "stop_reason": "eos", "output_tokens": 123, "nfe": 25, "elapsed_seconds": 1.0876}
{"arm": "nemotron-3b-linear_spec", "case_id": "pickup-04", "stop_reason": "eos", "output_tokens": 163, "nfe": 25, "elapsed_seconds": 1.0986}
{"arm": "nemotron-3b-linear_spec", "case_id": "pickup-05", "stop_reason": "eos", "output_tokens": 53, "nfe": 11, "elapsed_seconds": 0.5036}
{"arm": "nemotron-3b-linear_spec", "case_id": "pickup-06", "stop_reason": "eos", "output_tokens": 83, "nfe": 25, "elapsed_seconds": 1.0972}
{"arm": "nemotron-3b-linear_spec", "case_id": "pickup-07", "stop_reason": "eos", "output_tokens": 118, "nfe": 23, "elapsed_seconds": 1.007}
{"arm": "nemotron-3b-linear_spec", "case_id": "pickup-08", "stop_reason": "max_new_tokens", "output_tokens": 772, "nfe": 111, "elapsed_seconds": 4.7266}
{"arm": "nemotron-3b-linear_spec", "case_id": "pickup-09", "stop_reason": "eos", "output_tokens": 63, "nfe": 17, "elapsed_seconds": 0.7537}
{"arm": "nemotron-3b-linear_spec", "case_id": "pickup-10", "stop_reason": "eos", "output_tokens": 138, "nfe": 29, "elapsed_seconds": 1.2568}
{"arm": "nemotron-3b-linear_spec", "case_id": "pickup-11", "stop_reason": "eos", "output_tokens": 228, "nfe": 51, "elapsed_seconds": 2.2614}
{"arm": "nemotron-3b-linear_spec", "case_id": "pickup-12", "stop_reason": "eos", "output_tokens": 93, "nfe": 25, "elapsed_seconds": 1.1187}
{"arm": "nemotron-3b-linear_spec", "case_id": "pickup-13", "stop_reason": "eos", "output_tokens": 38, "nfe": 9, "elapsed_seconds": 0.4142}
{"arm": "nemotron-3b-linear_spec", "case_id": "pickup-14", "stop_reason": "eos", "output_tokens": 158, "nfe": 31, "elapsed_seconds": 1.3293}
{"arm": "nemotron-3b-linear_spec", "case_id": "pickup-15", "stop_reason": "eos", "output_tokens": 158, "nfe": 31, "elapsed_seconds": 1.3604}
{"arm": "nemotron-3b-linear_spec", "case_id": "pickup-16", "stop_reason": "eos", "output_tokens": 93, "nfe": 17, "elapsed_seconds": 0.7532}
{"arm": "nemotron-3b-linear_spec", "case_id": "pickup-17", "stop_reason": "eos", "output_tokens": 128, "nfe": 27, "elapsed_seconds": 1.177}
{"arm": "nemotron-3b-linear_spec", "case_id": "pickup-18", "stop_reason": "eos", "output_tokens": 163, "nfe": 39, "elapsed_seconds": 1.6875}
{"arm": "nemotron-3b-linear_spec", "case_id": "pickup-19", "stop_reason": "eos", "output_tokens": 133, "nfe": 27, "elapsed_seconds": 1.2048}
{"arm": "nemotron-3b-linear_spec", "case_id": "key_door-00", "stop_reason": "eos", "output_tokens": 63, "nfe": 17, "elapsed_seconds": 0.7746}
{"arm": "nemotron-3b-linear_spec", "case_id": "key_door-01", "stop_reason": "eos", "output_tokens": 78, "nfe": 21, "elapsed_seconds": 0.9288}
{"arm": "nemotron-3b-linear_spec", "case_id": "key_door-02", "stop_reason": "eos", "output_tokens": 53, "nfe": 11, "elapsed_seconds": 0.5288}
{"arm": "nemotron-3b-linear_spec", "case_id": "key_door-03", "stop_reason": "eos", "output_tokens": 78, "nfe": 17, "elapsed_seconds": 0.7564}
{"arm": "nemotron-3b-linear_spec", "case_id": "key_door-04", "stop_reason": "eos", "output_tokens": 88, "nfe": 13, "elapsed_seconds": 0.6057}
{"arm": "nemotron-3b-linear_spec", "case_id": "key_door-05", "stop_reason": "eos", "output_tokens": 148, "nfe": 33, "elapsed_seconds": 1.456}
{"arm": "nemotron-3b-linear_spec", "case_id": "key_door-06", "stop_reason": "eos", "output_tokens": 98, "nfe": 25, "elapsed_seconds": 1.1241}
{"arm": "nemotron-3b-linear_spec", "case_id": "key_door-07", "stop_reason": "eos", "output_tokens": 73, "nfe": 19, "elapsed_seconds": 0.8426}
{"arm": "nemotron-3b-linear_spec", "case_id": "key_door-08", "stop_reason": "eos", "output_tokens": 253, "nfe": 55, "elapsed_seconds": 2.3904}
{"arm": "nemotron-3b-linear_spec", "case_id": "key_door-09", "stop_reason": "eos", "output_tokens": 263, "nfe": 55, "elapsed_seconds": 2.4002}
{"arm": "nemotron-3b-linear_spec", "case_id": "key_door-10", "stop_reason": "eos", "output_tokens": 48, "nfe": 19, "elapsed_seconds": 0.8675}
{"arm": "nemotron-3b-linear_spec", "case_id": "key_door-11", "stop_reason": "eos", "output_tokens": 73, "nfe": 19, "elapsed_seconds": 0.8496}
{"arm": "nemotron-3b-linear_spec", "case_id": "key_door-12", "stop_reason": "eos", "output_tokens": 223, "nfe": 45, "elapsed_seconds": 1.9513}
{"arm": "nemotron-3b-linear_spec", "case_id": "key_door-13", "stop_reason": "max_new_tokens", "output_tokens": 775, "nfe": 91, "elapsed_seconds": 3.9441}
{"arm": "nemotron-3b-linear_spec", "case_id": "key_door-14", "stop_reason": "eos", "output_tokens": 153, "nfe": 27, "elapsed_seconds": 1.1899}
{"arm": "nemotron-3b-linear_spec", "case_id": "key_door-15", "stop_reason": "eos", "output_tokens": 183, "nfe": 35, "elapsed_seconds": 1.5407}
{"arm": "nemotron-3b-linear_spec", "case_id": "key_door-16", "stop_reason": "eos", "output_tokens": 218, "nfe": 45, "elapsed_seconds": 1.9453}
{"arm": "nemotron-3b-linear_spec", "case_id": "key_door-17", "stop_reason": "eos", "output_tokens": 143, "nfe": 29, "elapsed_seconds": 1.2598}
{"arm": "nemotron-3b-linear_spec", "case_id": "key_door-18", "stop_reason": "eos", "output_tokens": 93, "nfe": 21, "elapsed_seconds": 0.9503}
{"arm": "nemotron-3b-linear_spec", "case_id": "key_door-19", "stop_reason": "eos", "output_tokens": 288, "nfe": 63, "elapsed_seconds": 2.6775}
{"arm": "nemotron-3b-diffusion", "case_id": "reach-00", "stop_reason": "eos", "output_tokens": 53, "nfe": 19, "elapsed_seconds": 0.8334}
{"arm": "nemotron-3b-diffusion", "case_id": "reach-01", "stop_reason": "eos", "output_tokens": 68, "nfe": 28, "elapsed_seconds": 1.2004}
{"arm": "nemotron-3b-diffusion", "case_id": "reach-02", "stop_reason": "eos", "output_tokens": 68, "nfe": 32, "elapsed_seconds": 1.3326}
{"arm": "nemotron-3b-diffusion", "case_id": "reach-03", "stop_reason": "eos", "output_tokens": 33, "nfe": 13, "elapsed_seconds": 0.5804}
{"arm": "nemotron-3b-diffusion", "case_id": "reach-04", "stop_reason": "eos", "output_tokens": 48, "nfe": 16, "elapsed_seconds": 0.7035}
{"arm": "nemotron-3b-diffusion", "case_id": "reach-05", "stop_reason": "eos", "output_tokens": 78, "nfe": 30, "elapsed_seconds": 1.2612}
{"arm": "nemotron-3b-diffusion", "case_id": "reach-06", "stop_reason": "eos", "output_tokens": 58, "nfe": 16, "elapsed_seconds": 0.7006}
{"arm": "nemotron-3b-diffusion", "case_id": "reach-07", "stop_reason": "eos", "output_tokens": 113, "nfe": 45, "elapsed_seconds": 1.873}
{"arm": "nemotron-3b-diffusion", "case_id": "reach-08", "stop_reason": "eos", "output_tokens": 33, "nfe": 13, "elapsed_seconds": 0.5855}
{"arm": "nemotron-3b-diffusion", "case_id": "reach-09", "stop_reason": "eos", "output_tokens": 53, "nfe": 23, "elapsed_seconds": 0.9842}
{"arm": "nemotron-3b-diffusion", "case_id": "reach-10", "stop_reason": "eos", "output_tokens": 53, "nfe": 23, "elapsed_seconds": 0.9922}
{"arm": "nemotron-3b-diffusion", "case_id": "reach-11", "stop_reason": "eos", "output_tokens": 48, "nfe": 17, "elapsed_seconds": 0.7508}
{"arm": "nemotron-3b-diffusion", "case_id": "reach-12", "stop_reason": "eos", "output_tokens": 88, "nfe": 31, "elapsed_seconds": 1.3383}
{"arm": "nemotron-3b-diffusion", "case_id": "reach-13", "stop_reason": "eos", "output_tokens": 58, "nfe": 23, "elapsed_seconds": 0.9997}
{"arm": "nemotron-3b-diffusion", "case_id": "reach-14", "stop_reason": "eos", "output_tokens": 58, "nfe": 19, "elapsed_seconds": 0.8358}
{"arm": "nemotron-3b-diffusion", "case_id": "reach-15", "stop_reason": "eos", "output_tokens": 58, "nfe": 19, "elapsed_seconds": 0.8377}
{"arm": "nemotron-3b-diffusion", "case_id": "reach-16", "stop_reason": "eos", "output_tokens": 58, "nfe": 19, "elapsed_seconds": 0.8401}
{"arm": "nemotron-3b-diffusion", "case_id": "reach-17", "stop_reason": "eos", "output_tokens": 68, "nfe": 30, "elapsed_seconds": 1.2679}
{"arm": "nemotron-3b-diffusion", "case_id": "reach-18", "stop_reason": "eos", "output_tokens": 33, "nfe": 9, "elapsed_seconds": 0.4306}
{"arm": "nemotron-3b-diffusion", "case_id": "reach-19", "stop_reason": "eos", "output_tokens": 58, "nfe": 22, "elapsed_seconds": 0.9716}
{"arm": "nemotron-3b-diffusion", "case_id": "pickup-00", "stop_reason": "eos", "output_tokens": 148, "nfe": 57, "elapsed_seconds": 2.377}
{"arm": "nemotron-3b-diffusion", "case_id": "pickup-01", "stop_reason": "eos", "output_tokens": 78, "nfe": 26, "elapsed_seconds": 1.1369}
{"arm": "nemotron-3b-diffusion", "case_id": "pickup-02", "stop_reason": "eos", "output_tokens": 173, "nfe": 75, "elapsed_seconds": 3.1236}
{"arm": "nemotron-3b-diffusion", "case_id": "pickup-03", "stop_reason": "eos", "output_tokens": 218, "nfe": 84, "elapsed_seconds": 3.4857}
{"arm": "nemotron-3b-diffusion", "case_id": "pickup-04", "stop_reason": "eos", "output_tokens": 163, "nfe": 43, "elapsed_seconds": 1.858}
{"arm": "nemotron-3b-diffusion", "case_id": "pickup-05", "stop_reason": "eos", "output_tokens": 213, "nfe": 83, "elapsed_seconds": 3.4518}
{"arm": "nemotron-3b-diffusion", "case_id": "pickup-06", "stop_reason": "eos", "output_tokens": 148, "nfe": 49, "elapsed_seconds": 2.0748}
{"arm": "nemotron-3b-diffusion", "case_id": "pickup-07", "stop_reason": "eos", "output_tokens": 213, "nfe": 79, "elapsed_seconds": 3.2963}
{"arm": "nemotron-3b-diffusion", "case_id": "pickup-08", "stop_reason": "max_new_tokens", "output_tokens": 768, "nfe": 134, "elapsed_seconds": 5.6072}
{"arm": "nemotron-3b-diffusion", "case_id": "pickup-09", "stop_reason": "eos", "output_tokens": 88, "nfe": 30, "elapsed_seconds": 1.3137}
{"arm": "nemotron-3b-diffusion", "case_id": "pickup-10", "stop_reason": "eos", "output_tokens": 144, "nfe": 54, "elapsed_seconds": 2.2597}
{"arm": "nemotron-3b-diffusion", "case_id": "pickup-11", "stop_reason": "eos", "output_tokens": 138, "nfe": 45, "elapsed_seconds": 1.91}
{"arm": "nemotron-3b-diffusion", "case_id": "pickup-12", "stop_reason": "max_new_tokens", "output_tokens": 768, "nfe": 127, "elapsed_seconds": 5.2674}
{"arm": "nemotron-3b-diffusion", "case_id": "pickup-13", "stop_reason": "eos", "output_tokens": 173, "nfe": 64, "elapsed_seconds": 2.6646}
{"arm": "nemotron-3b-diffusion", "case_id": "pickup-14", "stop_reason": "eos", "output_tokens": 188, "nfe": 68, "elapsed_seconds": 2.82}
{"arm": "nemotron-3b-diffusion", "case_id": "pickup-15", "stop_reason": "eos", "output_tokens": 143, "nfe": 58, "elapsed_seconds": 2.4144}
{"arm": "nemotron-3b-diffusion", "case_id": "pickup-16", "stop_reason": "eos", "output_tokens": 163, "nfe": 52, "elapsed_seconds": 2.1952}
{"arm": "nemotron-3b-diffusion", "case_id": "pickup-17", "stop_reason": "eos", "output_tokens": 148, "nfe": 54, "elapsed_seconds": 2.257}
{"arm": "nemotron-3b-diffusion", "case_id": "pickup-18", "stop_reason": "eos", "output_tokens": 168, "nfe": 55, "elapsed_seconds": 2.3036}
{"arm": "nemotron-3b-diffusion", "case_id": "pickup-19", "stop_reason": "eos", "output_tokens": 213, "nfe": 60, "elapsed_seconds": 2.5113}
{"arm": "nemotron-3b-diffusion", "case_id": "key_door-00", "stop_reason": "max_new_tokens", "output_tokens": 768, "nfe": 204, "elapsed_seconds": 8.4574}
{"arm": "nemotron-3b-diffusion", "case_id": "key_door-01", "stop_reason": "eos", "output_tokens": 213, "nfe": 73, "elapsed_seconds": 3.02}
{"arm": "nemotron-3b-diffusion", "case_id": "key_door-02", "stop_reason": "max_new_tokens", "output_tokens": 768, "nfe": 181, "elapsed_seconds": 7.4756}
{"arm": "nemotron-3b-diffusion", "case_id": "key_door-03", "stop_reason": "eos", "output_tokens": 158, "nfe": 51, "elapsed_seconds": 2.133}
{"arm": "nemotron-3b-diffusion", "case_id": "key_door-04", "stop_reason": "eos", "output_tokens": 473, "nfe": 93, "elapsed_seconds": 3.8768}
{"arm": "nemotron-3b-diffusion", "case_id": "key_door-05", "stop_reason": "eos", "output_tokens": 68, "nfe": 24, "elapsed_seconds": 1.0613}
{"arm": "nemotron-3b-diffusion", "case_id": "key_door-06", "stop_reason": "eos", "output_tokens": 148, "nfe": 60, "elapsed_seconds": 2.5168}
{"arm": "nemotron-3b-diffusion", "case_id": "key_door-07", "stop_reason": "eos", "output_tokens": 98, "nfe": 36, "elapsed_seconds": 1.5238}
{"arm": "nemotron-3b-diffusion", "case_id": "key_door-08", "stop_reason": "eos", "output_tokens": 68, "nfe": 27, "elapsed_seconds": 1.1872}
{"arm": "nemotron-3b-diffusion", "case_id": "key_door-09", "stop_reason": "eos", "output_tokens": 128, "nfe": 53, "elapsed_seconds": 2.2147}
{"arm": "nemotron-3b-diffusion", "case_id": "key_door-10", "stop_reason": "max_new_tokens", "output_tokens": 768, "nfe": 169, "elapsed_seconds": 7.0074}
{"arm": "nemotron-3b-diffusion", "case_id": "key_door-11", "stop_reason": "eos", "output_tokens": 148, "nfe": 55, "elapsed_seconds": 2.3144}
{"arm": "nemotron-3b-diffusion", "case_id": "key_door-12", "stop_reason": "eos", "output_tokens": 133, "nfe": 53, "elapsed_seconds": 2.2152}
{"arm": "nemotron-3b-diffusion", "case_id": "key_door-13", "stop_reason": "eos", "output_tokens": 153, "nfe": 64, "elapsed_seconds": 2.702}
{"arm": "nemotron-3b-diffusion", "case_id": "key_door-14", "stop_reason": "eos", "output_tokens": 363, "nfe": 104, "elapsed_seconds": 4.3649}
{"arm": "nemotron-3b-diffusion", "case_id": "key_door-15", "stop_reason": "eos", "output_tokens": 133, "nfe": 46, "elapsed_seconds": 1.9364}
{"arm": "nemotron-3b-diffusion", "case_id": "key_door-16", "stop_reason": "eos", "output_tokens": 123, "nfe": 44, "elapsed_seconds": 1.8566}
{"arm": "nemotron-3b-diffusion", "case_id": "key_door-17", "stop_reason": "eos", "output_tokens": 168, "nfe": 62, "elapsed_seconds": 2.6062}
{"arm": "nemotron-3b-diffusion", "case_id": "key_door-18", "stop_reason": "eos", "output_tokens": 158, "nfe": 53, "elapsed_seconds": 2.2467}
{"arm": "nemotron-3b-diffusion", "case_id": "key_door-19", "stop_reason": "eos", "output_tokens": 218, "nfe": 86, "elapsed_seconds": 3.5381}
