/usr/local/lib/python3.13/dist-packages/transformers/modeling_rope_utils.py:1080: FutureWarning: `rope_config_validation` is deprecated and has been removed. Its functionality has been moved to RotaryEmbeddingConfigMixin.validate_rope method. PreTrainedConfig inherits this class, so please call self.validate_rope() instead. Also, make sure to use the new rope_parameters syntax. You can call self.standardize_rope_params() in the meantime.
  warnings.warn(
[transformers] Unrecognized keys in `rope_parameters` for 'rope_type'='yarn': {'llama_4_scaling_beta'}
[transformers] Unrecognized keys in `rope_parameters` for 'rope_type'='yarn': {'llama_4_scaling_beta'}
[transformers] Model config: mask_token_id must be `None` or an integer within the vocabulary (between 0 and 131071), got -1. This may result in unexpected behavior.
[transformers] Unrecognized keys in `rope_parameters` for 'rope_type'='yarn': {'llama_4_scaling_beta'}
[transformers] Unrecognized keys in `rope_parameters` for 'rope_type'='yarn': {'llama_4_scaling_beta'}
Warning: You are sending unauthenticated requests to the HF Hub. Please set a HF_TOKEN to enable higher rate limits and faster downloads.
[transformers] The `check_model_inputs` decorator is deprecated in favor of `merge_with_config_defaults`.
[ERROR] `cache_position` is part of Ministral3Model.forward's signature, but not documented. Make sure to add it to the docstring of the function in /root/.cache/huggingface/modules/transformers_modules/nvidia/Nemotron_hyphen_Labs_hyphen_Diffusion_hyphen_3B/0d51902da1f8869f83413ce642fab402fa5641e0/modeling_ministral.py.
Loading weights:   0%|          | 0/237 [00:00<?, ?it/s]Loading weights: 100%|██████████| 237/237 [00:00<00:00, 5198.25it/s]
{"arm": "nemotron-3b-ar", "case_id": "ladder-l0-000-n48-v4", "stop_reason": "eos", "output_tokens": 474, "nfe": 475, "elapsed_seconds": 16.6131}
{"arm": "nemotron-3b-ar", "case_id": "ladder-l1-000-n48-v4", "stop_reason": "eos", "output_tokens": 325, "nfe": 326, "elapsed_seconds": 11.4875}
{"arm": "nemotron-3b-ar", "case_id": "business-d1-000-n48-v4", "stop_reason": "eos", "output_tokens": 543, "nfe": 544, "elapsed_seconds": 19.0994}
{"arm": "nemotron-3b-ar", "case_id": "ladder-l0-000-n64-v4", "stop_reason": "eos", "output_tokens": 627, "nfe": 628, "elapsed_seconds": 22.1415}
{"arm": "nemotron-3b-ar", "case_id": "ladder-l1-000-n64-v4", "stop_reason": "eos", "output_tokens": 427, "nfe": 428, "elapsed_seconds": 15.0701}
{"arm": "nemotron-3b-ar", "case_id": "business-d1-000-n64-v4", "stop_reason": "eos", "output_tokens": 748, "nfe": 749, "elapsed_seconds": 26.5995}
{"arm": "nemotron-3b-ar", "case_id": "ladder-l0-000-n128-v4", "stop_reason": "eos", "output_tokens": 1287, "nfe": 1288, "elapsed_seconds": 45.2226}
{"arm": "nemotron-3b-ar", "case_id": "ladder-l1-000-n128-v4", "stop_reason": "eos", "output_tokens": 881, "nfe": 882, "elapsed_seconds": 30.9948}
{"arm": "nemotron-3b-ar", "case_id": "business-d1-000-n128-v4", "stop_reason": "eos", "output_tokens": 1571, "nfe": 1572, "elapsed_seconds": 59.3904}
{"arm": "nemotron-3b-ar", "case_id": "ladder-l0-000-n256-v4", "stop_reason": "eos", "output_tokens": 2661, "nfe": 2662, "elapsed_seconds": 98.4362}
{"arm": "nemotron-3b-ar", "case_id": "ladder-l1-000-n256-v4", "stop_reason": "eos", "output_tokens": 2622, "nfe": 2623, "elapsed_seconds": 98.4141}
{"arm": "nemotron-3b-ar", "case_id": "business-d1-000-n256-v4", "stop_reason": "eos", "output_tokens": 3187, "nfe": 3188, "elapsed_seconds": 145.8204}
{"arm": "nemotron-3b-ar", "case_id": "ladder-l0-001-n48-v4", "stop_reason": "eos", "output_tokens": 472, "nfe": 473, "elapsed_seconds": 16.7913}
{"arm": "nemotron-3b-ar", "case_id": "ladder-l1-001-n48-v4", "stop_reason": "eos", "output_tokens": 316, "nfe": 317, "elapsed_seconds": 11.2199}
{"arm": "nemotron-3b-ar", "case_id": "business-d1-001-n48-v4", "stop_reason": "eos", "output_tokens": 551, "nfe": 552, "elapsed_seconds": 19.7112}
{"arm": "nemotron-3b-ar", "case_id": "ladder-l0-001-n64-v4", "stop_reason": "eos", "output_tokens": 624, "nfe": 625, "elapsed_seconds": 22.2015}
{"arm": "nemotron-3b-ar", "case_id": "ladder-l1-001-n64-v4", "stop_reason": "eos", "output_tokens": 421, "nfe": 422, "elapsed_seconds": 14.9886}
{"arm": "nemotron-3b-ar", "case_id": "business-d1-001-n64-v4", "stop_reason": "eos", "output_tokens": 738, "nfe": 739, "elapsed_seconds": 26.4146}
{"arm": "nemotron-3b-ar", "case_id": "ladder-l0-001-n128-v4", "stop_reason": "eos", "output_tokens": 1285, "nfe": 1286, "elapsed_seconds": 45.401}
{"arm": "nemotron-3b-ar", "case_id": "ladder-l1-001-n128-v4", "stop_reason": "eos", "output_tokens": 882, "nfe": 883, "elapsed_seconds": 31.3115}
{"arm": "nemotron-3b-ar", "case_id": "business-d1-001-n128-v4", "stop_reason": "eos", "output_tokens": 924, "nfe": 925, "elapsed_seconds": 34.9492}
{"arm": "nemotron-3b-ar", "case_id": "ladder-l0-001-n256-v4", "stop_reason": "eos", "output_tokens": 2678, "nfe": 2679, "elapsed_seconds": 98.9229}
{"arm": "nemotron-3b-ar", "case_id": "ladder-l1-001-n256-v4", "stop_reason": "eos", "output_tokens": 1864, "nfe": 1865, "elapsed_seconds": 69.4922}
{"arm": "nemotron-3b-ar", "case_id": "business-d1-001-n256-v4", "stop_reason": "eos", "output_tokens": 3222, "nfe": 3223, "elapsed_seconds": 147.187}
{"arm": "nemotron-3b-ar", "case_id": "ladder-l0-002-n48-v4", "stop_reason": "eos", "output_tokens": 479, "nfe": 480, "elapsed_seconds": 16.9411}
{"arm": "nemotron-3b-ar", "case_id": "ladder-l1-002-n48-v4", "stop_reason": "eos", "output_tokens": 317, "nfe": 318, "elapsed_seconds": 11.2629}
{"arm": "nemotron-3b-ar", "case_id": "business-d1-002-n48-v4", "stop_reason": "eos", "output_tokens": 524, "nfe": 525, "elapsed_seconds": 18.7392}
{"arm": "nemotron-3b-ar", "case_id": "ladder-l0-002-n64-v4", "stop_reason": "eos", "output_tokens": 640, "nfe": 641, "elapsed_seconds": 22.5814}
{"arm": "nemotron-3b-ar", "case_id": "ladder-l1-002-n64-v4", "stop_reason": "eos", "output_tokens": 418, "nfe": 419, "elapsed_seconds": 14.8244}
{"arm": "nemotron-3b-ar", "case_id": "business-d1-002-n64-v4", "stop_reason": "eos", "output_tokens": 690, "nfe": 691, "elapsed_seconds": 24.6885}
{"arm": "nemotron-3b-ar", "case_id": "ladder-l0-002-n128-v4", "stop_reason": "eos", "output_tokens": 1311, "nfe": 1312, "elapsed_seconds": 46.2451}
{"arm": "nemotron-3b-ar", "case_id": "ladder-l1-002-n128-v4", "stop_reason": "eos", "output_tokens": 857, "nfe": 858, "elapsed_seconds": 30.3158}
{"arm": "nemotron-3b-ar", "case_id": "business-d1-002-n128-v4", "stop_reason": "eos", "output_tokens": 1024, "nfe": 1025, "elapsed_seconds": 38.711}
{"arm": "nemotron-3b-ar", "case_id": "ladder-l0-002-n256-v4", "stop_reason": "eos", "output_tokens": 2705, "nfe": 2706, "elapsed_seconds": 100.1358}
{"arm": "nemotron-3b-ar", "case_id": "ladder-l1-002-n256-v4", "stop_reason": "eos", "output_tokens": 1836, "nfe": 1837, "elapsed_seconds": 68.404}
{"arm": "nemotron-3b-ar", "case_id": "business-d1-002-n256-v4", "stop_reason": "eos", "output_tokens": 3114, "nfe": 3115, "elapsed_seconds": 142.0838}
[transformers] Calling `crop` with a positive value is deprecated and will be removed in version 5.18. Please use a negative integer to remove that number of tokens from the cache instead.
{"arm": "nemotron-3b-linear_spec", "case_id": "ladder-l0-000-n48-v4", "stop_reason": "eos", "output_tokens": 474, "nfe": 51, "elapsed_seconds": 2.2968}
{"arm": "nemotron-3b-linear_spec", "case_id": "ladder-l1-000-n48-v4", "stop_reason": "eos", "output_tokens": 325, "nfe": 33, "elapsed_seconds": 1.5456}
{"arm": "nemotron-3b-linear_spec", "case_id": "business-d1-000-n48-v4", "stop_reason": "eos", "output_tokens": 543, "nfe": 71, "elapsed_seconds": 3.5741}
{"arm": "nemotron-3b-linear_spec", "case_id": "ladder-l0-000-n64-v4", "stop_reason": "eos", "output_tokens": 627, "nfe": 73, "elapsed_seconds": 3.3447}
{"arm": "nemotron-3b-linear_spec", "case_id": "ladder-l1-000-n64-v4", "stop_reason": "eos", "output_tokens": 427, "nfe": 47, "elapsed_seconds": 2.2482}
{"arm": "nemotron-3b-linear_spec", "case_id": "business-d1-000-n64-v4", "stop_reason": "eos", "output_tokens": 754, "nfe": 99, "elapsed_seconds": 5.2316}
{"arm": "nemotron-3b-linear_spec", "case_id": "ladder-l0-000-n128-v4", "stop_reason": "eos", "output_tokens": 1287, "nfe": 153, "elapsed_seconds": 7.6401}
{"arm": "nemotron-3b-linear_spec", "case_id": "ladder-l1-000-n128-v4", "stop_reason": "eos", "output_tokens": 881, "nfe": 101, "elapsed_seconds": 5.1979}
{"arm": "nemotron-3b-linear_spec", "case_id": "business-d1-000-n128-v4", "stop_reason": "eos", "output_tokens": 1573, "nfe": 161, "elapsed_seconds": 10.4534}
{"arm": "nemotron-3b-linear_spec", "case_id": "ladder-l0-000-n256-v4", "stop_reason": "eos", "output_tokens": 2661, "nfe": 337, "elapsed_seconds": 20.2173}
{"arm": "nemotron-3b-linear_spec", "case_id": "ladder-l1-000-n256-v4", "stop_reason": "eos", "output_tokens": 1087, "nfe": 165, "elapsed_seconds": 10.1661}
{"arm": "nemotron-3b-linear_spec", "case_id": "business-d1-000-n256-v4", "stop_reason": "eos", "output_tokens": 3187, "nfe": 483, "elapsed_seconds": 40.9807}
{"arm": "nemotron-3b-linear_spec", "case_id": "ladder-l0-001-n48-v4", "stop_reason": "eos", "output_tokens": 472, "nfe": 53, "elapsed_seconds": 2.381}
{"arm": "nemotron-3b-linear_spec", "case_id": "ladder-l1-001-n48-v4", "stop_reason": "eos", "output_tokens": 316, "nfe": 29, "elapsed_seconds": 1.36}
{"arm": "nemotron-3b-linear_spec", "case_id": "business-d1-001-n48-v4", "stop_reason": "eos", "output_tokens": 551, "nfe": 67, "elapsed_seconds": 3.3868}
{"arm": "nemotron-3b-linear_spec", "case_id": "ladder-l0-001-n64-v4", "stop_reason": "eos", "output_tokens": 624, "nfe": 75, "elapsed_seconds": 3.4394}
{"arm": "nemotron-3b-linear_spec", "case_id": "ladder-l1-001-n64-v4", "stop_reason": "eos", "output_tokens": 421, "nfe": 39, "elapsed_seconds": 1.907}
{"arm": "nemotron-3b-linear_spec", "case_id": "business-d1-001-n64-v4", "stop_reason": "eos", "output_tokens": 738, "nfe": 91, "elapsed_seconds": 4.8281}
{"arm": "nemotron-3b-linear_spec", "case_id": "ladder-l0-001-n128-v4", "stop_reason": "eos", "output_tokens": 1285, "nfe": 153, "elapsed_seconds": 7.6272}
{"arm": "nemotron-3b-linear_spec", "case_id": "ladder-l1-001-n128-v4", "stop_reason": "eos", "output_tokens": 882, "nfe": 93, "elapsed_seconds": 4.8233}
{"arm": "nemotron-3b-linear_spec", "case_id": "business-d1-001-n128-v4", "stop_reason": "eos", "output_tokens": 924, "nfe": 133, "elapsed_seconds": 8.6253}
{"arm": "nemotron-3b-linear_spec", "case_id": "ladder-l0-001-n256-v4", "stop_reason": "eos", "output_tokens": 2678, "nfe": 349, "elapsed_seconds": 20.9716}
{"arm": "nemotron-3b-linear_spec", "case_id": "ladder-l1-001-n256-v4", "stop_reason": "eos", "output_tokens": 1863, "nfe": 265, "elapsed_seconds": 16.3113}
{"arm": "nemotron-3b-linear_spec", "case_id": "business-d1-001-n256-v4", "stop_reason": "eos", "output_tokens": 3233, "nfe": 441, "elapsed_seconds": 37.3166}
{"arm": "nemotron-3b-linear_spec", "case_id": "ladder-l0-002-n48-v4", "stop_reason": "eos", "output_tokens": 479, "nfe": 51, "elapsed_seconds": 2.3123}
{"arm": "nemotron-3b-linear_spec", "case_id": "ladder-l1-002-n48-v4", "stop_reason": "eos", "output_tokens": 317, "nfe": 33, "elapsed_seconds": 1.5321}
{"arm": "nemotron-3b-linear_spec", "case_id": "business-d1-002-n48-v4", "stop_reason": "eos", "output_tokens": 524, "nfe": 73, "elapsed_seconds": 3.6716}
{"arm": "nemotron-3b-linear_spec", "case_id": "ladder-l0-002-n64-v4", "stop_reason": "eos", "output_tokens": 640, "nfe": 75, "elapsed_seconds": 3.4197}
{"arm": "nemotron-3b-linear_spec", "case_id": "ladder-l1-002-n64-v4", "stop_reason": "eos", "output_tokens": 418, "nfe": 41, "elapsed_seconds": 1.9692}
{"arm": "nemotron-3b-linear_spec", "case_id": "business-d1-002-n64-v4", "stop_reason": "eos", "output_tokens": 697, "nfe": 99, "elapsed_seconds": 5.2018}
{"arm": "nemotron-3b-linear_spec", "case_id": "ladder-l0-002-n128-v4", "stop_reason": "eos", "output_tokens": 1311, "nfe": 163, "elapsed_seconds": 8.1275}
{"arm": "nemotron-3b-linear_spec", "case_id": "ladder-l1-002-n128-v4", "stop_reason": "eos", "output_tokens": 857, "nfe": 97, "elapsed_seconds": 4.9948}
{"arm": "nemotron-3b-linear_spec", "case_id": "business-d1-002-n128-v4", "stop_reason": "eos", "output_tokens": 1148, "nfe": 225, "elapsed_seconds": 14.0857}
{"arm": "nemotron-3b-linear_spec", "case_id": "ladder-l0-002-n256-v4", "stop_reason": "eos", "output_tokens": 2705, "nfe": 337, "elapsed_seconds": 20.3117}
{"arm": "nemotron-3b-linear_spec", "case_id": "ladder-l1-002-n256-v4", "stop_reason": "eos", "output_tokens": 1830, "nfe": 271, "elapsed_seconds": 16.5848}
{"arm": "nemotron-3b-linear_spec", "case_id": "business-d1-002-n256-v4", "stop_reason": "eos", "output_tokens": 3115, "nfe": 465, "elapsed_seconds": 39.1314}
{"arm": "nemotron-3b-diffusion", "case_id": "ladder-l0-000-n48-v4", "stop_reason": "eos", "output_tokens": 482, "nfe": 86, "elapsed_seconds": 3.7186}
{"arm": "nemotron-3b-diffusion", "case_id": "ladder-l1-000-n48-v4", "stop_reason": "eos", "output_tokens": 375, "nfe": 57, "elapsed_seconds": 2.5303}
{"arm": "nemotron-3b-diffusion", "case_id": "business-d1-000-n48-v4", "stop_reason": "eos", "output_tokens": 550, "nfe": 82, "elapsed_seconds": 3.9974}
{"arm": "nemotron-3b-diffusion", "case_id": "ladder-l0-000-n64-v4", "stop_reason": "eos", "output_tokens": 635, "nfe": 127, "elapsed_seconds": 5.5518}
{"arm": "nemotron-3b-diffusion", "case_id": "ladder-l1-000-n64-v4", "stop_reason": "eos", "output_tokens": 425, "nfe": 51, "elapsed_seconds": 2.4064}
{"arm": "nemotron-3b-diffusion", "case_id": "business-d1-000-n64-v4", "stop_reason": "eos", "output_tokens": 897, "nfe": 219, "elapsed_seconds": 10.4419}
{"arm": "nemotron-3b-diffusion", "case_id": "ladder-l0-000-n128-v4", "stop_reason": "eos", "output_tokens": 1316, "nfe": 214, "elapsed_seconds": 10.087}
{"arm": "nemotron-3b-diffusion", "case_id": "ladder-l1-000-n128-v4", "stop_reason": "eos", "output_tokens": 872, "nfe": 116, "elapsed_seconds": 5.7431}
{"arm": "nemotron-3b-diffusion", "case_id": "business-d1-000-n128-v4", "stop_reason": "eos", "output_tokens": 426, "nfe": 90, "elapsed_seconds": 5.6317}
{"arm": "nemotron-3b-diffusion", "case_id": "ladder-l0-000-n256-v4", "stop_reason": "eos", "output_tokens": 2701, "nfe": 499, "elapsed_seconds": 26.6861}
{"arm": "nemotron-3b-diffusion", "case_id": "ladder-l1-000-n256-v4", "stop_reason": "eos", "output_tokens": 1572, "nfe": 248, "elapsed_seconds": 13.8963}
{"arm": "nemotron-3b-diffusion", "case_id": "business-d1-000-n256-v4", "stop_reason": "max_new_tokens", "output_tokens": 4160, "nfe": 1001, "elapsed_seconds": 68.1309}
{"arm": "nemotron-3b-diffusion", "case_id": "ladder-l0-001-n48-v4", "stop_reason": "eos", "output_tokens": 571, "nfe": 90, "elapsed_seconds": 3.9059}
{"arm": "nemotron-3b-diffusion", "case_id": "ladder-l1-001-n48-v4", "stop_reason": "eos", "output_tokens": 364, "nfe": 47, "elapsed_seconds": 2.1358}
{"arm": "nemotron-3b-diffusion", "case_id": "business-d1-001-n48-v4", "stop_reason": "eos", "output_tokens": 561, "nfe": 106, "elapsed_seconds": 5.0432}
{"arm": "nemotron-3b-diffusion", "case_id": "ladder-l0-001-n64-v4", "stop_reason": "eos", "output_tokens": 703, "nfe": 153, "elapsed_seconds": 6.6574}
{"arm": "nemotron-3b-diffusion", "case_id": "ladder-l1-001-n64-v4", "stop_reason": "eos", "output_tokens": 426, "nfe": 53, "elapsed_seconds": 2.4838}
{"arm": "nemotron-3b-diffusion", "case_id": "business-d1-001-n64-v4", "stop_reason": "eos", "output_tokens": 707, "nfe": 144, "elapsed_seconds": 7.05}
{"arm": "nemotron-3b-diffusion", "case_id": "ladder-l0-001-n128-v4", "stop_reason": "eos", "output_tokens": 1607, "nfe": 373, "elapsed_seconds": 17.3713}
{"arm": "nemotron-3b-diffusion", "case_id": "ladder-l1-001-n128-v4", "stop_reason": "eos", "output_tokens": 881, "nfe": 124, "elapsed_seconds": 6.0881}
{"arm": "nemotron-3b-diffusion", "case_id": "business-d1-001-n128-v4", "stop_reason": "max_new_tokens", "output_tokens": 2112, "nfe": 528, "elapsed_seconds": 28.6109}
{"arm": "nemotron-3b-diffusion", "case_id": "ladder-l0-001-n256-v4", "stop_reason": "eos", "output_tokens": 3013, "nfe": 784, "elapsed_seconds": 41.3351}
{"arm": "nemotron-3b-diffusion", "case_id": "ladder-l1-001-n256-v4", "stop_reason": "eos", "output_tokens": 1695, "nfe": 268, "elapsed_seconds": 14.8754}
{"arm": "nemotron-3b-diffusion", "case_id": "business-d1-001-n256-v4", "stop_reason": "max_new_tokens", "output_tokens": 4160, "nfe": 994, "elapsed_seconds": 67.2866}
{"arm": "nemotron-3b-diffusion", "case_id": "ladder-l0-002-n48-v4", "stop_reason": "eos", "output_tokens": 534, "nfe": 83, "elapsed_seconds": 3.6085}
{"arm": "nemotron-3b-diffusion", "case_id": "ladder-l1-002-n48-v4", "stop_reason": "eos", "output_tokens": 363, "nfe": 49, "elapsed_seconds": 2.2122}
{"arm": "nemotron-3b-diffusion", "case_id": "business-d1-002-n48-v4", "stop_reason": "eos", "output_tokens": 643, "nfe": 102, "elapsed_seconds": 4.8845}
{"arm": "nemotron-3b-diffusion", "case_id": "ladder-l0-002-n64-v4", "stop_reason": "eos", "output_tokens": 711, "nfe": 101, "elapsed_seconds": 4.4777}
{"arm": "nemotron-3b-diffusion", "case_id": "ladder-l1-002-n64-v4", "stop_reason": "eos", "output_tokens": 415, "nfe": 53, "elapsed_seconds": 2.4862}
{"arm": "nemotron-3b-diffusion", "case_id": "business-d1-002-n64-v4", "stop_reason": "eos", "output_tokens": 743, "nfe": 118, "elapsed_seconds": 5.893}
{"arm": "nemotron-3b-diffusion", "case_id": "ladder-l0-002-n128-v4", "stop_reason": "eos", "output_tokens": 1329, "nfe": 258, "elapsed_seconds": 12.0744}
{"arm": "nemotron-3b-diffusion", "case_id": "ladder-l1-002-n128-v4", "stop_reason": "eos", "output_tokens": 857, "nfe": 120, "elapsed_seconds": 5.8984}
{"arm": "nemotron-3b-diffusion", "case_id": "business-d1-002-n128-v4", "stop_reason": "eos", "output_tokens": 1635, "nfe": 341, "elapsed_seconds": 18.9318}
{"arm": "nemotron-3b-diffusion", "case_id": "ladder-l0-002-n256-v4", "stop_reason": "eos", "output_tokens": 2727, "nfe": 560, "elapsed_seconds": 29.8593}
{"arm": "nemotron-3b-diffusion", "case_id": "ladder-l1-002-n256-v4", "stop_reason": "eos", "output_tokens": 3115, "nfe": 453, "elapsed_seconds": 25.4409}
{"arm": "nemotron-3b-diffusion", "case_id": "business-d1-002-n256-v4", "stop_reason": "max_new_tokens", "output_tokens": 4160, "nfe": 1129, "elapsed_seconds": 75.4407}
/usr/local/lib/python3.13/dist-packages/transformers/modeling_rope_utils.py:1080: FutureWarning: `rope_config_validation` is deprecated and has been removed. Its functionality has been moved to RotaryEmbeddingConfigMixin.validate_rope method. PreTrainedConfig inherits this class, so please call self.validate_rope() instead. Also, make sure to use the new rope_parameters syntax. You can call self.standardize_rope_params() in the meantime.
  warnings.warn(
[transformers] Unrecognized keys in `rope_parameters` for 'rope_type'='yarn': {'llama_4_scaling_beta'}
[transformers] Unrecognized keys in `rope_parameters` for 'rope_type'='yarn': {'llama_4_scaling_beta'}
[transformers] Model config: mask_token_id must be `None` or an integer within the vocabulary (between 0 and 131071), got -1. This may result in unexpected behavior.
[transformers] Unrecognized keys in `rope_parameters` for 'rope_type'='yarn': {'llama_4_scaling_beta'}
[transformers] Unrecognized keys in `rope_parameters` for 'rope_type'='yarn': {'llama_4_scaling_beta'}
[transformers] The `check_model_inputs` decorator is deprecated in favor of `merge_with_config_defaults`.
[ERROR] `cache_position` is part of Ministral3Model.forward's signature, but not documented. Make sure to add it to the docstring of the function in /root/.cache/huggingface/modules/transformers_modules/nvidia/Nemotron_hyphen_Labs_hyphen_Diffusion_hyphen_3B/0d51902da1f8869f83413ce642fab402fa5641e0/modeling_ministral.py.
Loading weights:   0%|          | 0/237 [00:00<?, ?it/s]Loading weights: 100%|██████████| 237/237 [00:00<00:00, 5532.61it/s]
Warning: You are sending unauthenticated requests to the HF Hub. Please set a HF_TOKEN to enable higher rate limits and faster downloads.
{"arm": "nemotron-3b-t0.99-b8-diffusion", "case_id": "ladder-l0-000-n48-v4", "stop_reason": "eos", "output_tokens": 474, "nfe": 134, "elapsed_seconds": 5.3835}
{"arm": "nemotron-3b-t0.99-b8-diffusion", "case_id": "ladder-l1-000-n48-v4", "stop_reason": "eos", "output_tokens": 323, "nfe": 101, "elapsed_seconds": 4.0559}
{"arm": "nemotron-3b-t0.99-b8-diffusion", "case_id": "business-d1-000-n48-v4", "stop_reason": "eos", "output_tokens": 555, "nfe": 188, "elapsed_seconds": 8.066}
{"arm": "nemotron-3b-t0.99-b8-diffusion", "case_id": "ladder-l0-000-n64-v4", "stop_reason": "eos", "output_tokens": 628, "nfe": 189, "elapsed_seconds": 7.5691}
{"arm": "nemotron-3b-t0.99-b8-diffusion", "case_id": "ladder-l1-000-n64-v4", "stop_reason": "eos", "output_tokens": 429, "nfe": 136, "elapsed_seconds": 5.5906}
{"arm": "nemotron-3b-t0.99-b8-diffusion", "case_id": "business-d1-000-n64-v4", "stop_reason": "eos", "output_tokens": 699, "nfe": 254, "elapsed_seconds": 11.3787}
{"arm": "nemotron-3b-t0.99-b8-diffusion", "case_id": "ladder-l0-000-n128-v4", "stop_reason": "eos", "output_tokens": 1287, "nfe": 395, "elapsed_seconds": 17.155}
{"arm": "nemotron-3b-t0.99-b8-diffusion", "case_id": "ladder-l1-000-n128-v4", "stop_reason": "eos", "output_tokens": 874, "nfe": 310, "elapsed_seconds": 13.5196}
{"arm": "nemotron-3b-t0.99-b8-diffusion", "case_id": "business-d1-000-n128-v4", "stop_reason": "eos", "output_tokens": 1471, "nfe": 597, "elapsed_seconds": 31.4359}
{"arm": "nemotron-3b-t0.99-b8-diffusion", "case_id": "ladder-l0-000-n256-v4", "stop_reason": "eos", "output_tokens": 2663, "nfe": 921, "elapsed_seconds": 47.5623}
{"arm": "nemotron-3b-t0.99-b8-diffusion", "case_id": "ladder-l1-000-n256-v4", "stop_reason": "eos", "output_tokens": 2610, "nfe": 1109, "elapsed_seconds": 57.5437}
{"arm": "nemotron-3b-t0.99-b8-diffusion", "case_id": "business-d1-000-n256-v4", "stop_reason": "eos", "output_tokens": 3173, "nfe": 1467, "elapsed_seconds": 98.7565}
{"arm": "nemotron-3b-t0.99-b8-diffusion", "case_id": "ladder-l0-001-n48-v4", "stop_reason": "eos", "output_tokens": 472, "nfe": 134, "elapsed_seconds": 5.4054}
{"arm": "nemotron-3b-t0.99-b8-diffusion", "case_id": "ladder-l1-001-n48-v4", "stop_reason": "eos", "output_tokens": 317, "nfe": 93, "elapsed_seconds": 3.782}
{"arm": "nemotron-3b-t0.99-b8-diffusion", "case_id": "business-d1-001-n48-v4", "stop_reason": "eos", "output_tokens": 551, "nfe": 173, "elapsed_seconds": 7.4715}
{"arm": "nemotron-3b-t0.99-b8-diffusion", "case_id": "ladder-l0-001-n64-v4", "stop_reason": "eos", "output_tokens": 624, "nfe": 179, "elapsed_seconds": 7.1901}
{"arm": "nemotron-3b-t0.99-b8-diffusion", "case_id": "ladder-l1-001-n64-v4", "stop_reason": "eos", "output_tokens": 421, "nfe": 120, "elapsed_seconds": 4.9783}
{"arm": "nemotron-3b-t0.99-b8-diffusion", "case_id": "business-d1-001-n64-v4", "stop_reason": "eos", "output_tokens": 738, "nfe": 237, "elapsed_seconds": 10.7226}
{"arm": "nemotron-3b-t0.99-b8-diffusion", "case_id": "ladder-l0-001-n128-v4", "stop_reason": "eos", "output_tokens": 1287, "nfe": 407, "elapsed_seconds": 17.6431}
{"arm": "nemotron-3b-t0.99-b8-diffusion", "case_id": "ladder-l1-001-n128-v4", "stop_reason": "eos", "output_tokens": 886, "nfe": 319, "elapsed_seconds": 13.943}
{"arm": "nemotron-3b-t0.99-b8-diffusion", "case_id": "business-d1-001-n128-v4", "stop_reason": "eos", "output_tokens": 915, "nfe": 286, "elapsed_seconds": 15.8606}
{"arm": "nemotron-3b-t0.99-b8-diffusion", "case_id": "ladder-l0-001-n256-v4", "stop_reason": "eos", "output_tokens": 2679, "nfe": 895, "elapsed_seconds": 46.548}
{"arm": "nemotron-3b-t0.99-b8-diffusion", "case_id": "ladder-l1-001-n256-v4", "stop_reason": "eos", "output_tokens": 2602, "nfe": 1049, "elapsed_seconds": 54.9601}
{"arm": "nemotron-3b-t0.99-b8-diffusion", "case_id": "business-d1-001-n256-v4", "stop_reason": "max_new_tokens", "output_tokens": 4160, "nfe": 1733, "elapsed_seconds": 120.3646}
{"arm": "nemotron-3b-t0.99-b8-diffusion", "case_id": "ladder-l0-002-n48-v4", "stop_reason": "eos", "output_tokens": 488, "nfe": 155, "elapsed_seconds": 6.1931}
{"arm": "nemotron-3b-t0.99-b8-diffusion", "case_id": "ladder-l1-002-n48-v4", "stop_reason": "eos", "output_tokens": 318, "nfe": 97, "elapsed_seconds": 3.9499}
{"arm": "nemotron-3b-t0.99-b8-diffusion", "case_id": "business-d1-002-n48-v4", "stop_reason": "eos", "output_tokens": 521, "nfe": 187, "elapsed_seconds": 8.0139}
{"arm": "nemotron-3b-t0.99-b8-diffusion", "case_id": "ladder-l0-002-n64-v4", "stop_reason": "eos", "output_tokens": 649, "nfe": 202, "elapsed_seconds": 8.0855}
{"arm": "nemotron-3b-t0.99-b8-diffusion", "case_id": "ladder-l1-002-n64-v4", "stop_reason": "eos", "output_tokens": 421, "nfe": 129, "elapsed_seconds": 5.3334}
{"arm": "nemotron-3b-t0.99-b8-diffusion", "case_id": "business-d1-002-n64-v4", "stop_reason": "eos", "output_tokens": 743, "nfe": 259, "elapsed_seconds": 11.5764}
{"arm": "nemotron-3b-t0.99-b8-diffusion", "case_id": "ladder-l0-002-n128-v4", "stop_reason": "eos", "output_tokens": 1314, "nfe": 423, "elapsed_seconds": 18.3996}
{"arm": "nemotron-3b-t0.99-b8-diffusion", "case_id": "ladder-l1-002-n128-v4", "stop_reason": "eos", "output_tokens": 854, "nfe": 294, "elapsed_seconds": 12.8645}
{"arm": "nemotron-3b-t0.99-b8-diffusion", "case_id": "business-d1-002-n128-v4", "stop_reason": "eos", "output_tokens": 1278, "nfe": 554, "elapsed_seconds": 28.8691}
{"arm": "nemotron-3b-t0.99-b8-diffusion", "case_id": "ladder-l0-002-n256-v4", "stop_reason": "eos", "output_tokens": 2706, "nfe": 943, "elapsed_seconds": 48.9002}
{"arm": "nemotron-3b-t0.99-b8-diffusion", "case_id": "ladder-l1-002-n256-v4", "stop_reason": "eos", "output_tokens": 2607, "nfe": 1049, "elapsed_seconds": 54.8751}
{"arm": "nemotron-3b-t0.99-b8-diffusion", "case_id": "business-d1-002-n256-v4", "stop_reason": "eos", "output_tokens": 2010, "nfe": 948, "elapsed_seconds": 62.6991}
/usr/local/lib/python3.13/dist-packages/transformers/modeling_rope_utils.py:1080: FutureWarning: `rope_config_validation` is deprecated and has been removed. Its functionality has been moved to RotaryEmbeddingConfigMixin.validate_rope method. PreTrainedConfig inherits this class, so please call self.validate_rope() instead. Also, make sure to use the new rope_parameters syntax. You can call self.standardize_rope_params() in the meantime.
  warnings.warn(
[transformers] Unrecognized keys in `rope_parameters` for 'rope_type'='yarn': {'llama_4_scaling_beta'}
[transformers] Unrecognized keys in `rope_parameters` for 'rope_type'='yarn': {'llama_4_scaling_beta'}
[transformers] Model config: mask_token_id must be `None` or an integer within the vocabulary (between 0 and 131071), got -1. This may result in unexpected behavior.
[transformers] Unrecognized keys in `rope_parameters` for 'rope_type'='yarn': {'llama_4_scaling_beta'}
[transformers] Unrecognized keys in `rope_parameters` for 'rope_type'='yarn': {'llama_4_scaling_beta'}
[transformers] The `check_model_inputs` decorator is deprecated in favor of `merge_with_config_defaults`.
[ERROR] `cache_position` is part of Ministral3Model.forward's signature, but not documented. Make sure to add it to the docstring of the function in /root/.cache/huggingface/modules/transformers_modules/nvidia/Nemotron_hyphen_Labs_hyphen_Diffusion_hyphen_3B/0d51902da1f8869f83413ce642fab402fa5641e0/modeling_ministral.py.
Loading weights:   0%|          | 0/237 [00:00<?, ?it/s]Loading weights: 100%|██████████| 237/237 [00:00<00:00, 3835.38it/s]
Warning: You are sending unauthenticated requests to the HF Hub. Please set a HF_TOKEN to enable higher rate limits and faster downloads.
{"arm": "nemotron-3b-ar", "case_id": "ladder-l0-000-n48-v5", "stop_reason": "eos", "output_tokens": 469, "nfe": 470, "elapsed_seconds": 16.852}
{"arm": "nemotron-3b-ar", "case_id": "ladder-l1-000-n48-v5", "stop_reason": "eos", "output_tokens": 322, "nfe": 323, "elapsed_seconds": 11.5764}
{"arm": "nemotron-3b-ar", "case_id": "business-d1-000-n48-v5", "stop_reason": "eos", "output_tokens": 537, "nfe": 538, "elapsed_seconds": 19.4254}
{"arm": "nemotron-3b-ar", "case_id": "business-d3-000-n48-v5", "stop_reason": "eos", "output_tokens": 400, "nfe": 401, "elapsed_seconds": 14.5923}
{"arm": "nemotron-3b-ar", "case_id": "ladder-l0-001-n48-v5", "stop_reason": "eos", "output_tokens": 513, "nfe": 514, "elapsed_seconds": 18.3575}
{"arm": "nemotron-3b-ar", "case_id": "ladder-l1-001-n48-v5", "stop_reason": "eos", "output_tokens": 315, "nfe": 316, "elapsed_seconds": 11.301}
{"arm": "nemotron-3b-ar", "case_id": "business-d1-001-n48-v5", "stop_reason": "eos", "output_tokens": 312, "nfe": 313, "elapsed_seconds": 11.4291}
{"arm": "nemotron-3b-ar", "case_id": "business-d3-001-n48-v5", "stop_reason": "eos", "output_tokens": 362, "nfe": 363, "elapsed_seconds": 13.2072}
{"arm": "nemotron-3b-ar", "case_id": "ladder-l0-002-n48-v5", "stop_reason": "eos", "output_tokens": 568, "nfe": 569, "elapsed_seconds": 20.3668}
{"arm": "nemotron-3b-ar", "case_id": "ladder-l1-002-n48-v5", "stop_reason": "eos", "output_tokens": 316, "nfe": 317, "elapsed_seconds": 11.4224}
{"arm": "nemotron-3b-ar", "case_id": "business-d1-002-n48-v5", "stop_reason": "eos", "output_tokens": 539, "nfe": 540, "elapsed_seconds": 19.4535}
{"arm": "nemotron-3b-ar", "case_id": "business-d3-002-n48-v5", "stop_reason": "eos", "output_tokens": 362, "nfe": 363, "elapsed_seconds": 13.2473}
[transformers] Calling `crop` with a positive value is deprecated and will be removed in version 5.18. Please use a negative integer to remove that number of tokens from the cache instead.
{"arm": "nemotron-3b-linear_spec", "case_id": "ladder-l0-000-n48-v5", "stop_reason": "eos", "output_tokens": 469, "nfe": 43, "elapsed_seconds": 1.9511}
{"arm": "nemotron-3b-linear_spec", "case_id": "ladder-l1-000-n48-v5", "stop_reason": "eos", "output_tokens": 322, "nfe": 33, "elapsed_seconds": 1.5278}
{"arm": "nemotron-3b-linear_spec", "case_id": "business-d1-000-n48-v5", "stop_reason": "eos", "output_tokens": 537, "nfe": 67, "elapsed_seconds": 3.3806}
{"arm": "nemotron-3b-linear_spec", "case_id": "business-d3-000-n48-v5", "stop_reason": "eos", "output_tokens": 400, "nfe": 41, "elapsed_seconds": 2.278}
{"arm": "nemotron-3b-linear_spec", "case_id": "ladder-l0-001-n48-v5", "stop_reason": "eos", "output_tokens": 513, "nfe": 47, "elapsed_seconds": 2.132}
{"arm": "nemotron-3b-linear_spec", "case_id": "ladder-l1-001-n48-v5", "stop_reason": "eos", "output_tokens": 315, "nfe": 29, "elapsed_seconds": 1.3652}
{"arm": "nemotron-3b-linear_spec", "case_id": "business-d1-001-n48-v5", "stop_reason": "eos", "output_tokens": 312, "nfe": 35, "elapsed_seconds": 1.8785}
{"arm": "nemotron-3b-linear_spec", "case_id": "business-d3-001-n48-v5", "stop_reason": "eos", "output_tokens": 362, "nfe": 39, "elapsed_seconds": 2.1888}
{"arm": "nemotron-3b-linear_spec", "case_id": "ladder-l0-002-n48-v5", "stop_reason": "eos", "output_tokens": 568, "nfe": 73, "elapsed_seconds": 3.252}
{"arm": "nemotron-3b-linear_spec", "case_id": "ladder-l1-002-n48-v5", "stop_reason": "eos", "output_tokens": 315, "nfe": 31, "elapsed_seconds": 1.446}
{"arm": "nemotron-3b-linear_spec", "case_id": "business-d1-002-n48-v5", "stop_reason": "eos", "output_tokens": 540, "nfe": 63, "elapsed_seconds": 3.1985}
{"arm": "nemotron-3b-linear_spec", "case_id": "business-d3-002-n48-v5", "stop_reason": "eos", "output_tokens": 362, "nfe": 45, "elapsed_seconds": 2.4717}
{"arm": "nemotron-3b-diffusion", "case_id": "ladder-l0-000-n48-v5", "stop_reason": "eos", "output_tokens": 521, "nfe": 63, "elapsed_seconds": 2.7999}
{"arm": "nemotron-3b-diffusion", "case_id": "ladder-l1-000-n48-v5", "stop_reason": "eos", "output_tokens": 327, "nfe": 42, "elapsed_seconds": 1.9171}
{"arm": "nemotron-3b-diffusion", "case_id": "business-d1-000-n48-v5", "stop_reason": "eos", "output_tokens": 539, "nfe": 81, "elapsed_seconds": 3.9488}
{"arm": "nemotron-3b-diffusion", "case_id": "business-d3-000-n48-v5", "stop_reason": "eos", "output_tokens": 358, "nfe": 56, "elapsed_seconds": 2.931}
{"arm": "nemotron-3b-diffusion", "case_id": "ladder-l0-001-n48-v5", "stop_reason": "eos", "output_tokens": 522, "nfe": 73, "elapsed_seconds": 3.1865}
{"arm": "nemotron-3b-diffusion", "case_id": "ladder-l1-001-n48-v5", "stop_reason": "eos", "output_tokens": 367, "nfe": 49, "elapsed_seconds": 2.2019}
{"arm": "nemotron-3b-diffusion", "case_id": "business-d1-001-n48-v5", "stop_reason": "eos", "output_tokens": 470, "nfe": 76, "elapsed_seconds": 3.7203}
{"arm": "nemotron-3b-diffusion", "case_id": "business-d3-001-n48-v5", "stop_reason": "eos", "output_tokens": 368, "nfe": 62, "elapsed_seconds": 3.1808}
{"arm": "nemotron-3b-diffusion", "case_id": "ladder-l0-002-n48-v5", "stop_reason": "eos", "output_tokens": 526, "nfe": 61, "elapsed_seconds": 2.7056}
{"arm": "nemotron-3b-diffusion", "case_id": "ladder-l1-002-n48-v5", "stop_reason": "eos", "output_tokens": 320, "nfe": 47, "elapsed_seconds": 2.131}
{"arm": "nemotron-3b-diffusion", "case_id": "business-d1-002-n48-v5", "stop_reason": "eos", "output_tokens": 601, "nfe": 85, "elapsed_seconds": 4.1316}
{"arm": "nemotron-3b-diffusion", "case_id": "business-d3-002-n48-v5", "stop_reason": "eos", "output_tokens": 383, "nfe": 50, "elapsed_seconds": 2.7058}
/usr/local/lib/python3.13/dist-packages/transformers/modeling_rope_utils.py:1080: FutureWarning: `rope_config_validation` is deprecated and has been removed. Its functionality has been moved to RotaryEmbeddingConfigMixin.validate_rope method. PreTrainedConfig inherits this class, so please call self.validate_rope() instead. Also, make sure to use the new rope_parameters syntax. You can call self.standardize_rope_params() in the meantime.
  warnings.warn(
[transformers] Unrecognized keys in `rope_parameters` for 'rope_type'='yarn': {'llama_4_scaling_beta'}
[transformers] Unrecognized keys in `rope_parameters` for 'rope_type'='yarn': {'llama_4_scaling_beta'}
[transformers] Model config: mask_token_id must be `None` or an integer within the vocabulary (between 0 and 131071), got -1. This may result in unexpected behavior.
[transformers] Unrecognized keys in `rope_parameters` for 'rope_type'='yarn': {'llama_4_scaling_beta'}
[transformers] Unrecognized keys in `rope_parameters` for 'rope_type'='yarn': {'llama_4_scaling_beta'}
[transformers] The `check_model_inputs` decorator is deprecated in favor of `merge_with_config_defaults`.
[ERROR] `cache_position` is part of Ministral3Model.forward's signature, but not documented. Make sure to add it to the docstring of the function in /root/.cache/huggingface/modules/transformers_modules/nvidia/Nemotron_hyphen_Labs_hyphen_Diffusion_hyphen_3B/0d51902da1f8869f83413ce642fab402fa5641e0/modeling_ministral.py.
Loading weights:   0%|          | 0/237 [00:00<?, ?it/s]Loading weights: 100%|██████████| 237/237 [00:00<00:00, 5270.82it/s]
Warning: You are sending unauthenticated requests to the HF Hub. Please set a HF_TOKEN to enable higher rate limits and faster downloads.
{"arm": "nemotron-3b-t0.99-b8-diffusion", "case_id": "ladder-l0-000-n48-v5", "stop_reason": "eos", "output_tokens": 517, "nfe": 157, "elapsed_seconds": 6.2416}
{"arm": "nemotron-3b-t0.99-b8-diffusion", "case_id": "ladder-l1-000-n48-v5", "stop_reason": "eos", "output_tokens": 323, "nfe": 100, "elapsed_seconds": 4.0324}
{"arm": "nemotron-3b-t0.99-b8-diffusion", "case_id": "business-d1-000-n48-v5", "stop_reason": "eos", "output_tokens": 531, "nfe": 180, "elapsed_seconds": 7.7235}
{"arm": "nemotron-3b-t0.99-b8-diffusion", "case_id": "business-d3-000-n48-v5", "stop_reason": "eos", "output_tokens": 399, "nfe": 147, "elapsed_seconds": 6.5289}
{"arm": "nemotron-3b-t0.99-b8-diffusion", "case_id": "ladder-l0-001-n48-v5", "stop_reason": "eos", "output_tokens": 513, "nfe": 157, "elapsed_seconds": 6.2953}
{"arm": "nemotron-3b-t0.99-b8-diffusion", "case_id": "ladder-l1-001-n48-v5", "stop_reason": "eos", "output_tokens": 316, "nfe": 94, "elapsed_seconds": 3.8485}
{"arm": "nemotron-3b-t0.99-b8-diffusion", "case_id": "business-d1-001-n48-v5", "stop_reason": "eos", "output_tokens": 402, "nfe": 135, "elapsed_seconds": 5.9086}
{"arm": "nemotron-3b-t0.99-b8-diffusion", "case_id": "business-d3-001-n48-v5", "stop_reason": "eos", "output_tokens": 373, "nfe": 132, "elapsed_seconds": 5.933}
{"arm": "nemotron-3b-t0.99-b8-diffusion", "case_id": "ladder-l0-002-n48-v5", "stop_reason": "eos", "output_tokens": 523, "nfe": 152, "elapsed_seconds": 6.085}
{"arm": "nemotron-3b-t0.99-b8-diffusion", "case_id": "ladder-l1-002-n48-v5", "stop_reason": "eos", "output_tokens": 317, "nfe": 97, "elapsed_seconds": 3.9678}
{"arm": "nemotron-3b-t0.99-b8-diffusion", "case_id": "business-d1-002-n48-v5", "stop_reason": "eos", "output_tokens": 593, "nfe": 199, "elapsed_seconds": 8.4915}
{"arm": "nemotron-3b-t0.99-b8-diffusion", "case_id": "business-d3-002-n48-v5", "stop_reason": "eos", "output_tokens": 365, "nfe": 128, "elapsed_seconds": 5.7354}
/usr/local/lib/python3.13/dist-packages/transformers/modeling_rope_utils.py:1080: FutureWarning: `rope_config_validation` is deprecated and has been removed. Its functionality has been moved to RotaryEmbeddingConfigMixin.validate_rope method. PreTrainedConfig inherits this class, so please call self.validate_rope() instead. Also, make sure to use the new rope_parameters syntax. You can call self.standardize_rope_params() in the meantime.
  warnings.warn(
[transformers] Unrecognized keys in `rope_parameters` for 'rope_type'='yarn': {'llama_4_scaling_beta'}
[transformers] Unrecognized keys in `rope_parameters` for 'rope_type'='yarn': {'llama_4_scaling_beta'}
[transformers] Model config: mask_token_id must be `None` or an integer within the vocabulary (between 0 and 131071), got -1. This may result in unexpected behavior.
[transformers] Unrecognized keys in `rope_parameters` for 'rope_type'='yarn': {'llama_4_scaling_beta'}
[transformers] Unrecognized keys in `rope_parameters` for 'rope_type'='yarn': {'llama_4_scaling_beta'}
[transformers] The `check_model_inputs` decorator is deprecated in favor of `merge_with_config_defaults`.
[ERROR] `cache_position` is part of Ministral3Model.forward's signature, but not documented. Make sure to add it to the docstring of the function in /root/.cache/huggingface/modules/transformers_modules/nvidia/Nemotron_hyphen_Labs_hyphen_Diffusion_hyphen_3B/0d51902da1f8869f83413ce642fab402fa5641e0/modeling_ministral.py.
Loading weights:   0%|          | 0/237 [00:00<?, ?it/s]Loading weights: 100%|██████████| 237/237 [00:00<00:00, 5590.96it/s]
{"arm": "nemotron-3b-ar", "case_id": "business-d3-000-n48-v4", "stop_reason": "eos", "output_tokens": 359, "nfe": 360, "elapsed_seconds": 13.0129}
{"arm": "nemotron-3b-ar", "case_id": "business-d3-001-n48-v4", "stop_reason": "eos", "output_tokens": 362, "nfe": 363, "elapsed_seconds": 13.1617}
{"arm": "nemotron-3b-ar", "case_id": "business-d3-002-n48-v4", "stop_reason": "eos", "output_tokens": 338, "nfe": 339, "elapsed_seconds": 12.2767}
[transformers] Calling `crop` with a positive value is deprecated and will be removed in version 5.18. Please use a negative integer to remove that number of tokens from the cache instead.
{"arm": "nemotron-3b-linear_spec", "case_id": "business-d3-000-n48-v4", "stop_reason": "eos", "output_tokens": 359, "nfe": 49, "elapsed_seconds": 2.652}
{"arm": "nemotron-3b-linear_spec", "case_id": "business-d3-001-n48-v4", "stop_reason": "eos", "output_tokens": 362, "nfe": 55, "elapsed_seconds": 2.9611}
{"arm": "nemotron-3b-linear_spec", "case_id": "business-d3-002-n48-v4", "stop_reason": "eos", "output_tokens": 338, "nfe": 45, "elapsed_seconds": 2.4782}
{"arm": "nemotron-3b-diffusion", "case_id": "business-d3-000-n48-v4", "stop_reason": "eos", "output_tokens": 362, "nfe": 71, "elapsed_seconds": 3.5947}
{"arm": "nemotron-3b-diffusion", "case_id": "business-d3-001-n48-v4", "stop_reason": "eos", "output_tokens": 411, "nfe": 76, "elapsed_seconds": 3.8262}
{"arm": "nemotron-3b-diffusion", "case_id": "business-d3-002-n48-v4", "stop_reason": "eos", "output_tokens": 376, "nfe": 96, "elapsed_seconds": 4.713}
/usr/local/lib/python3.13/dist-packages/transformers/modeling_rope_utils.py:1080: FutureWarning: `rope_config_validation` is deprecated and has been removed. Its functionality has been moved to RotaryEmbeddingConfigMixin.validate_rope method. PreTrainedConfig inherits this class, so please call self.validate_rope() instead. Also, make sure to use the new rope_parameters syntax. You can call self.standardize_rope_params() in the meantime.
  warnings.warn(
[transformers] Unrecognized keys in `rope_parameters` for 'rope_type'='yarn': {'llama_4_scaling_beta'}
[transformers] Unrecognized keys in `rope_parameters` for 'rope_type'='yarn': {'llama_4_scaling_beta'}
[transformers] Model config: mask_token_id must be `None` or an integer within the vocabulary (between 0 and 131071), got -1. This may result in unexpected behavior.
[transformers] Unrecognized keys in `rope_parameters` for 'rope_type'='yarn': {'llama_4_scaling_beta'}
[transformers] Unrecognized keys in `rope_parameters` for 'rope_type'='yarn': {'llama_4_scaling_beta'}
[transformers] The `check_model_inputs` decorator is deprecated in favor of `merge_with_config_defaults`.
[ERROR] `cache_position` is part of Ministral3Model.forward's signature, but not documented. Make sure to add it to the docstring of the function in /root/.cache/huggingface/modules/transformers_modules/nvidia/Nemotron_hyphen_Labs_hyphen_Diffusion_hyphen_3B/0d51902da1f8869f83413ce642fab402fa5641e0/modeling_ministral.py.
Loading weights:   0%|          | 0/237 [00:00<?, ?it/s]Loading weights: 100%|██████████| 237/237 [00:00<00:00, 5363.76it/s]
Warning: You are sending unauthenticated requests to the HF Hub. Please set a HF_TOKEN to enable higher rate limits and faster downloads.
{"arm": "nemotron-3b-t0.99-b8-diffusion", "case_id": "business-d3-000-n48-v4", "stop_reason": "eos", "output_tokens": 359, "nfe": 146, "elapsed_seconds": 6.4036}
{"arm": "nemotron-3b-t0.99-b8-diffusion", "case_id": "business-d3-001-n48-v4", "stop_reason": "eos", "output_tokens": 365, "nfe": 139, "elapsed_seconds": 6.1781}
{"arm": "nemotron-3b-t0.99-b8-diffusion", "case_id": "business-d3-002-n48-v4", "stop_reason": "eos", "output_tokens": 368, "nfe": 147, "elapsed_seconds": 6.5395}
/usr/local/lib/python3.13/dist-packages/transformers/modeling_rope_utils.py:1080: FutureWarning: `rope_config_validation` is deprecated and has been removed. Its functionality has been moved to RotaryEmbeddingConfigMixin.validate_rope method. PreTrainedConfig inherits this class, so please call self.validate_rope() instead. Also, make sure to use the new rope_parameters syntax. You can call self.standardize_rope_params() in the meantime.
  warnings.warn(
[transformers] Unrecognized keys in `rope_parameters` for 'rope_type'='yarn': {'llama_4_scaling_beta'}
[transformers] Unrecognized keys in `rope_parameters` for 'rope_type'='yarn': {'llama_4_scaling_beta'}
[transformers] Model config: mask_token_id must be `None` or an integer within the vocabulary (between 0 and 131071), got -1. This may result in unexpected behavior.
[transformers] Unrecognized keys in `rope_parameters` for 'rope_type'='yarn': {'llama_4_scaling_beta'}
[transformers] Unrecognized keys in `rope_parameters` for 'rope_type'='yarn': {'llama_4_scaling_beta'}
[transformers] The `check_model_inputs` decorator is deprecated in favor of `merge_with_config_defaults`.
[ERROR] `cache_position` is part of Ministral3Model.forward's signature, but not documented. Make sure to add it to the docstring of the function in /root/.cache/huggingface/modules/transformers_modules/nvidia/Nemotron_hyphen_Labs_hyphen_Diffusion_hyphen_3B/0d51902da1f8869f83413ce642fab402fa5641e0/modeling_ministral.py.
Loading weights:   0%|          | 0/237 [00:00<?, ?it/s]Loading weights: 100%|██████████| 237/237 [00:00<00:00, 3834.97it/s]
Warning: You are sending unauthenticated requests to the HF Hub. Please set a HF_TOKEN to enable higher rate limits and faster downloads.
{"arm": "nemotron-3b-ar", "case_id": "business-c1-000-n8-v4", "stop_reason": "eos", "output_tokens": 90, "nfe": 91, "elapsed_seconds": 3.3035}
{"arm": "nemotron-3b-ar", "case_id": "business-c2-000-n8-v4", "stop_reason": "eos", "output_tokens": 82, "nfe": 83, "elapsed_seconds": 2.9932}
{"arm": "nemotron-3b-ar", "case_id": "business-c1-000-n16-v4", "stop_reason": "eos", "output_tokens": 174, "nfe": 175, "elapsed_seconds": 6.2937}
{"arm": "nemotron-3b-ar", "case_id": "business-c2-000-n16-v4", "stop_reason": "eos", "output_tokens": 162, "nfe": 163, "elapsed_seconds": 5.8311}
{"arm": "nemotron-3b-ar", "case_id": "business-c1-000-n32-v4", "stop_reason": "eos", "output_tokens": 348, "nfe": 349, "elapsed_seconds": 12.5395}
{"arm": "nemotron-3b-ar", "case_id": "business-c2-000-n32-v4", "stop_reason": "eos", "output_tokens": 322, "nfe": 323, "elapsed_seconds": 11.5491}
{"arm": "nemotron-3b-ar", "case_id": "business-c1-001-n8-v4", "stop_reason": "eos", "output_tokens": 90, "nfe": 91, "elapsed_seconds": 3.2521}
{"arm": "nemotron-3b-ar", "case_id": "business-c2-001-n8-v4", "stop_reason": "eos", "output_tokens": 82, "nfe": 83, "elapsed_seconds": 2.9765}
{"arm": "nemotron-3b-ar", "case_id": "business-c1-001-n16-v4", "stop_reason": "eos", "output_tokens": 189, "nfe": 190, "elapsed_seconds": 6.799}
{"arm": "nemotron-3b-ar", "case_id": "business-c2-001-n16-v4", "stop_reason": "eos", "output_tokens": 161, "nfe": 162, "elapsed_seconds": 5.7714}
{"arm": "nemotron-3b-ar", "case_id": "business-c1-001-n32-v4", "stop_reason": "eos", "output_tokens": 353, "nfe": 354, "elapsed_seconds": 12.6363}
{"arm": "nemotron-3b-ar", "case_id": "business-c2-001-n32-v4", "stop_reason": "eos", "output_tokens": 321, "nfe": 322, "elapsed_seconds": 11.4657}
{"arm": "nemotron-3b-ar", "case_id": "business-c1-002-n8-v4", "stop_reason": "eos", "output_tokens": 90, "nfe": 91, "elapsed_seconds": 3.3013}
{"arm": "nemotron-3b-ar", "case_id": "business-c2-002-n8-v4", "stop_reason": "eos", "output_tokens": 83, "nfe": 84, "elapsed_seconds": 2.9769}
{"arm": "nemotron-3b-ar", "case_id": "business-c1-002-n16-v4", "stop_reason": "eos", "output_tokens": 178, "nfe": 179, "elapsed_seconds": 6.5223}
{"arm": "nemotron-3b-ar", "case_id": "business-c2-002-n16-v4", "stop_reason": "eos", "output_tokens": 171, "nfe": 172, "elapsed_seconds": 6.1579}
{"arm": "nemotron-3b-ar", "case_id": "business-c1-002-n32-v4", "stop_reason": "eos", "output_tokens": 354, "nfe": 355, "elapsed_seconds": 12.6822}
{"arm": "nemotron-3b-ar", "case_id": "business-c2-002-n32-v4", "stop_reason": "eos", "output_tokens": 323, "nfe": 324, "elapsed_seconds": 11.5641}
[transformers] Calling `crop` with a positive value is deprecated and will be removed in version 5.18. Please use a negative integer to remove that number of tokens from the cache instead.
{"arm": "nemotron-3b-linear_spec", "case_id": "business-c1-000-n8-v4", "stop_reason": "eos", "output_tokens": 90, "nfe": 21, "elapsed_seconds": 0.9036}
{"arm": "nemotron-3b-linear_spec", "case_id": "business-c2-000-n8-v4", "stop_reason": "eos", "output_tokens": 82, "nfe": 17, "elapsed_seconds": 0.722}
{"arm": "nemotron-3b-linear_spec", "case_id": "business-c1-000-n16-v4", "stop_reason": "eos", "output_tokens": 174, "nfe": 47, "elapsed_seconds": 2.024}
{"arm": "nemotron-3b-linear_spec", "case_id": "business-c2-000-n16-v4", "stop_reason": "eos", "output_tokens": 162, "nfe": 33, "elapsed_seconds": 1.4398}
{"arm": "nemotron-3b-linear_spec", "case_id": "business-c1-000-n32-v4", "stop_reason": "eos", "output_tokens": 348, "nfe": 87, "elapsed_seconds": 3.8443}
{"arm": "nemotron-3b-linear_spec", "case_id": "business-c2-000-n32-v4", "stop_reason": "eos", "output_tokens": 322, "nfe": 45, "elapsed_seconds": 2.0125}
{"arm": "nemotron-3b-linear_spec", "case_id": "business-c1-001-n8-v4", "stop_reason": "eos", "output_tokens": 90, "nfe": 21, "elapsed_seconds": 0.9048}
{"arm": "nemotron-3b-linear_spec", "case_id": "business-c2-001-n8-v4", "stop_reason": "eos", "output_tokens": 82, "nfe": 17, "elapsed_seconds": 0.7186}
{"arm": "nemotron-3b-linear_spec", "case_id": "business-c1-001-n16-v4", "stop_reason": "eos", "output_tokens": 189, "nfe": 45, "elapsed_seconds": 1.9451}
{"arm": "nemotron-3b-linear_spec", "case_id": "business-c2-001-n16-v4", "stop_reason": "eos", "output_tokens": 161, "nfe": 27, "elapsed_seconds": 1.1617}
{"arm": "nemotron-3b-linear_spec", "case_id": "business-c1-001-n32-v4", "stop_reason": "eos", "output_tokens": 353, "nfe": 93, "elapsed_seconds": 4.1027}
{"arm": "nemotron-3b-linear_spec", "case_id": "business-c2-001-n32-v4", "stop_reason": "eos", "output_tokens": 321, "nfe": 51, "elapsed_seconds": 2.2639}
{"arm": "nemotron-3b-linear_spec", "case_id": "business-c1-002-n8-v4", "stop_reason": "eos", "output_tokens": 90, "nfe": 21, "elapsed_seconds": 0.9162}
{"arm": "nemotron-3b-linear_spec", "case_id": "business-c2-002-n8-v4", "stop_reason": "eos", "output_tokens": 83, "nfe": 17, "elapsed_seconds": 0.7157}
{"arm": "nemotron-3b-linear_spec", "case_id": "business-c1-002-n16-v4", "stop_reason": "eos", "output_tokens": 178, "nfe": 39, "elapsed_seconds": 1.6795}
{"arm": "nemotron-3b-linear_spec", "case_id": "business-c2-002-n16-v4", "stop_reason": "eos", "output_tokens": 171, "nfe": 37, "elapsed_seconds": 1.5665}
{"arm": "nemotron-3b-linear_spec", "case_id": "business-c1-002-n32-v4", "stop_reason": "eos", "output_tokens": 354, "nfe": 81, "elapsed_seconds": 3.6166}
{"arm": "nemotron-3b-linear_spec", "case_id": "business-c2-002-n32-v4", "stop_reason": "eos", "output_tokens": 323, "nfe": 59, "elapsed_seconds": 2.5904}
{"arm": "nemotron-3b-diffusion", "case_id": "business-c1-000-n8-v4", "stop_reason": "eos", "output_tokens": 97, "nfe": 51, "elapsed_seconds": 2.1163}
{"arm": "nemotron-3b-diffusion", "case_id": "business-c2-000-n8-v4", "stop_reason": "eos", "output_tokens": 82, "nfe": 16, "elapsed_seconds": 0.7047}
{"arm": "nemotron-3b-diffusion", "case_id": "business-c1-000-n16-v4", "stop_reason": "eos", "output_tokens": 178, "nfe": 68, "elapsed_seconds": 2.8583}
{"arm": "nemotron-3b-diffusion", "case_id": "business-c2-000-n16-v4", "stop_reason": "eos", "output_tokens": 162, "nfe": 39, "elapsed_seconds": 1.6466}
{"arm": "nemotron-3b-diffusion", "case_id": "business-c1-000-n32-v4", "stop_reason": "eos", "output_tokens": 354, "nfe": 161, "elapsed_seconds": 6.773}
{"arm": "nemotron-3b-diffusion", "case_id": "business-c2-000-n32-v4", "stop_reason": "eos", "output_tokens": 322, "nfe": 69, "elapsed_seconds": 2.9575}
{"arm": "nemotron-3b-diffusion", "case_id": "business-c1-001-n8-v4", "stop_reason": "eos", "output_tokens": 97, "nfe": 31, "elapsed_seconds": 1.3264}
{"arm": "nemotron-3b-diffusion", "case_id": "business-c2-001-n8-v4", "stop_reason": "eos", "output_tokens": 83, "nfe": 26, "elapsed_seconds": 1.0956}
{"arm": "nemotron-3b-diffusion", "case_id": "business-c1-001-n16-v4", "stop_reason": "eos", "output_tokens": 178, "nfe": 45, "elapsed_seconds": 1.9373}
{"arm": "nemotron-3b-diffusion", "case_id": "business-c2-001-n16-v4", "stop_reason": "eos", "output_tokens": 161, "nfe": 39, "elapsed_seconds": 1.6449}
{"arm": "nemotron-3b-diffusion", "case_id": "business-c1-001-n32-v4", "stop_reason": "eos", "output_tokens": 354, "nfe": 169, "elapsed_seconds": 7.0549}
{"arm": "nemotron-3b-diffusion", "case_id": "business-c2-001-n32-v4", "stop_reason": "eos", "output_tokens": 322, "nfe": 61, "elapsed_seconds": 2.6452}
{"arm": "nemotron-3b-diffusion", "case_id": "business-c1-002-n8-v4", "stop_reason": "eos", "output_tokens": 98, "nfe": 51, "elapsed_seconds": 2.1078}
{"arm": "nemotron-3b-diffusion", "case_id": "business-c2-002-n8-v4", "stop_reason": "eos", "output_tokens": 82, "nfe": 22, "elapsed_seconds": 0.939}
{"arm": "nemotron-3b-diffusion", "case_id": "business-c1-002-n16-v4", "stop_reason": "eos", "output_tokens": 193, "nfe": 76, "elapsed_seconds": 3.1572}
{"arm": "nemotron-3b-diffusion", "case_id": "business-c2-002-n16-v4", "stop_reason": "eos", "output_tokens": 162, "nfe": 45, "elapsed_seconds": 1.8924}
{"arm": "nemotron-3b-diffusion", "case_id": "business-c1-002-n32-v4", "stop_reason": "eos", "output_tokens": 418, "nfe": 220, "elapsed_seconds": 9.1974}
{"arm": "nemotron-3b-diffusion", "case_id": "business-c2-002-n32-v4", "stop_reason": "eos", "output_tokens": 322, "nfe": 86, "elapsed_seconds": 3.6593}
/usr/local/lib/python3.13/dist-packages/transformers/modeling_rope_utils.py:1080: FutureWarning: `rope_config_validation` is deprecated and has been removed. Its functionality has been moved to RotaryEmbeddingConfigMixin.validate_rope method. PreTrainedConfig inherits this class, so please call self.validate_rope() instead. Also, make sure to use the new rope_parameters syntax. You can call self.standardize_rope_params() in the meantime.
  warnings.warn(
[transformers] Unrecognized keys in `rope_parameters` for 'rope_type'='yarn': {'llama_4_scaling_beta'}
[transformers] Unrecognized keys in `rope_parameters` for 'rope_type'='yarn': {'llama_4_scaling_beta'}
[transformers] Model config: mask_token_id must be `None` or an integer within the vocabulary (between 0 and 131071), got -1. This may result in unexpected behavior.
[transformers] Unrecognized keys in `rope_parameters` for 'rope_type'='yarn': {'llama_4_scaling_beta'}
[transformers] Unrecognized keys in `rope_parameters` for 'rope_type'='yarn': {'llama_4_scaling_beta'}
[transformers] The `check_model_inputs` decorator is deprecated in favor of `merge_with_config_defaults`.
[ERROR] `cache_position` is part of Ministral3Model.forward's signature, but not documented. Make sure to add it to the docstring of the function in /root/.cache/huggingface/modules/transformers_modules/nvidia/Nemotron_hyphen_Labs_hyphen_Diffusion_hyphen_3B/0d51902da1f8869f83413ce642fab402fa5641e0/modeling_ministral.py.
Loading weights:   0%|          | 0/237 [00:00<?, ?it/s]Loading weights: 100%|██████████| 237/237 [00:00<00:00, 5373.77it/s]
Warning: You are sending unauthenticated requests to the HF Hub. Please set a HF_TOKEN to enable higher rate limits and faster downloads.
{"arm": "nemotron-3b-t0.99-b8-diffusion", "case_id": "business-c1-000-n8-v4", "stop_reason": "eos", "output_tokens": 90, "nfe": 61, "elapsed_seconds": 2.4342}
{"arm": "nemotron-3b-t0.99-b8-diffusion", "case_id": "business-c2-000-n8-v4", "stop_reason": "eos", "output_tokens": 82, "nfe": 44, "elapsed_seconds": 1.7566}
{"arm": "nemotron-3b-t0.99-b8-diffusion", "case_id": "business-c1-000-n16-v4", "stop_reason": "eos", "output_tokens": 174, "nfe": 115, "elapsed_seconds": 4.546}
{"arm": "nemotron-3b-t0.99-b8-diffusion", "case_id": "business-c2-000-n16-v4", "stop_reason": "eos", "output_tokens": 162, "nfe": 73, "elapsed_seconds": 2.9138}
{"arm": "nemotron-3b-t0.99-b8-diffusion", "case_id": "business-c1-000-n32-v4", "stop_reason": "eos", "output_tokens": 350, "nfe": 232, "elapsed_seconds": 9.075}
{"arm": "nemotron-3b-t0.99-b8-diffusion", "case_id": "business-c2-000-n32-v4", "stop_reason": "eos", "output_tokens": 321, "nfe": 132, "elapsed_seconds": 5.2672}
{"arm": "nemotron-3b-t0.99-b8-diffusion", "case_id": "business-c1-001-n8-v4", "stop_reason": "eos", "output_tokens": 90, "nfe": 58, "elapsed_seconds": 2.312}
{"arm": "nemotron-3b-t0.99-b8-diffusion", "case_id": "business-c2-001-n8-v4", "stop_reason": "eos", "output_tokens": 82, "nfe": 45, "elapsed_seconds": 1.8026}
{"arm": "nemotron-3b-t0.99-b8-diffusion", "case_id": "business-c1-001-n16-v4", "stop_reason": "eos", "output_tokens": 178, "nfe": 105, "elapsed_seconds": 4.1897}
{"arm": "nemotron-3b-t0.99-b8-diffusion", "case_id": "business-c2-001-n16-v4", "stop_reason": "eos", "output_tokens": 161, "nfe": 77, "elapsed_seconds": 3.0952}
{"arm": "nemotron-3b-t0.99-b8-diffusion", "case_id": "business-c1-001-n32-v4", "stop_reason": "eos", "output_tokens": 386, "nfe": 243, "elapsed_seconds": 9.5141}
{"arm": "nemotron-3b-t0.99-b8-diffusion", "case_id": "business-c2-001-n32-v4", "stop_reason": "eos", "output_tokens": 316, "nfe": 140, "elapsed_seconds": 5.5554}
{"arm": "nemotron-3b-t0.99-b8-diffusion", "case_id": "business-c1-002-n8-v4", "stop_reason": "eos", "output_tokens": 98, "nfe": 75, "elapsed_seconds": 2.9603}
{"arm": "nemotron-3b-t0.99-b8-diffusion", "case_id": "business-c2-002-n8-v4", "stop_reason": "eos", "output_tokens": 82, "nfe": 42, "elapsed_seconds": 1.6761}
{"arm": "nemotron-3b-t0.99-b8-diffusion", "case_id": "business-c1-002-n16-v4", "stop_reason": "eos", "output_tokens": 194, "nfe": 143, "elapsed_seconds": 5.6006}
{"arm": "nemotron-3b-t0.99-b8-diffusion", "case_id": "business-c2-002-n16-v4", "stop_reason": "eos", "output_tokens": 171, "nfe": 82, "elapsed_seconds": 3.3121}
{"arm": "nemotron-3b-t0.99-b8-diffusion", "case_id": "business-c1-002-n32-v4", "stop_reason": "eos", "output_tokens": 354, "nfe": 208, "elapsed_seconds": 8.1767}
{"arm": "nemotron-3b-t0.99-b8-diffusion", "case_id": "business-c2-002-n32-v4", "stop_reason": "eos", "output_tokens": 319, "nfe": 140, "elapsed_seconds": 5.6552}
/usr/local/lib/python3.13/dist-packages/transformers/modeling_rope_utils.py:1080: FutureWarning: `rope_config_validation` is deprecated and has been removed. Its functionality has been moved to RotaryEmbeddingConfigMixin.validate_rope method. PreTrainedConfig inherits this class, so please call self.validate_rope() instead. Also, make sure to use the new rope_parameters syntax. You can call self.standardize_rope_params() in the meantime.
  warnings.warn(
[transformers] Unrecognized keys in `rope_parameters` for 'rope_type'='yarn': {'llama_4_scaling_beta'}
[transformers] Unrecognized keys in `rope_parameters` for 'rope_type'='yarn': {'llama_4_scaling_beta'}
[transformers] Model config: mask_token_id must be `None` or an integer within the vocabulary (between 0 and 131071), got -1. This may result in unexpected behavior.
[transformers] Unrecognized keys in `rope_parameters` for 'rope_type'='yarn': {'llama_4_scaling_beta'}
[transformers] Unrecognized keys in `rope_parameters` for 'rope_type'='yarn': {'llama_4_scaling_beta'}
[transformers] The `check_model_inputs` decorator is deprecated in favor of `merge_with_config_defaults`.
[ERROR] `cache_position` is part of Ministral3Model.forward's signature, but not documented. Make sure to add it to the docstring of the function in /root/.cache/huggingface/modules/transformers_modules/nvidia/Nemotron_hyphen_Labs_hyphen_Diffusion_hyphen_3B/0d51902da1f8869f83413ce642fab402fa5641e0/modeling_ministral.py.
Loading weights:   0%|          | 0/237 [00:00<?, ?it/s]Loading weights: 100%|██████████| 237/237 [00:00<00:00, 4282.19it/s]
Warning: You are sending unauthenticated requests to the HF Hub. Please set a HF_TOKEN to enable higher rate limits and faster downloads.
{"arm": "nemotron-3b-think-ar", "case_id": "business-c1-000-n8-v4", "stop_reason": "eos", "output_tokens": 91, "nfe": 92, "elapsed_seconds": 3.3795}
{"arm": "nemotron-3b-think-ar", "case_id": "business-c2-000-n8-v4", "stop_reason": "eos", "output_tokens": 83, "nfe": 84, "elapsed_seconds": 3.1142}
{"arm": "nemotron-3b-think-ar", "case_id": "business-c1-000-n16-v4", "stop_reason": "eos", "output_tokens": 175, "nfe": 176, "elapsed_seconds": 6.3956}
{"arm": "nemotron-3b-think-ar", "case_id": "business-c2-000-n16-v4", "stop_reason": "eos", "output_tokens": 163, "nfe": 164, "elapsed_seconds": 6.0032}
{"arm": "nemotron-3b-think-ar", "case_id": "business-c1-000-n32-v4", "stop_reason": "eos", "output_tokens": 349, "nfe": 350, "elapsed_seconds": 12.7703}
{"arm": "nemotron-3b-think-ar", "case_id": "business-c2-000-n32-v4", "stop_reason": "eos", "output_tokens": 323, "nfe": 324, "elapsed_seconds": 11.8204}
{"arm": "nemotron-3b-think-ar", "case_id": "business-c1-001-n8-v4", "stop_reason": "eos", "output_tokens": 91, "nfe": 92, "elapsed_seconds": 3.3952}
{"arm": "nemotron-3b-think-ar", "case_id": "business-c2-001-n8-v4", "stop_reason": "eos", "output_tokens": 83, "nfe": 84, "elapsed_seconds": 3.0353}
{"arm": "nemotron-3b-think-ar", "case_id": "business-c1-001-n16-v4", "stop_reason": "eos", "output_tokens": 179, "nfe": 180, "elapsed_seconds": 6.5696}
{"arm": "nemotron-3b-think-ar", "case_id": "business-c2-001-n16-v4", "stop_reason": "eos", "output_tokens": 152, "nfe": 153, "elapsed_seconds": 5.5202}
{"arm": "nemotron-3b-think-ar", "case_id": "business-c1-001-n32-v4", "stop_reason": "eos", "output_tokens": 355, "nfe": 356, "elapsed_seconds": 12.937}
{"arm": "nemotron-3b-think-ar", "case_id": "business-c2-001-n32-v4", "stop_reason": "eos", "output_tokens": 319, "nfe": 320, "elapsed_seconds": 11.7597}
{"arm": "nemotron-3b-think-ar", "case_id": "business-c1-002-n8-v4", "stop_reason": "eos", "output_tokens": 91, "nfe": 92, "elapsed_seconds": 3.3925}
{"arm": "nemotron-3b-think-ar", "case_id": "business-c2-002-n8-v4", "stop_reason": "eos", "output_tokens": 84, "nfe": 85, "elapsed_seconds": 3.0693}
{"arm": "nemotron-3b-think-ar", "case_id": "business-c1-002-n16-v4", "stop_reason": "eos", "output_tokens": 179, "nfe": 180, "elapsed_seconds": 6.5711}
{"arm": "nemotron-3b-think-ar", "case_id": "business-c2-002-n16-v4", "stop_reason": "eos", "output_tokens": 172, "nfe": 173, "elapsed_seconds": 6.3281}
{"arm": "nemotron-3b-think-ar", "case_id": "business-c1-002-n32-v4", "stop_reason": "eos", "output_tokens": 355, "nfe": 356, "elapsed_seconds": 12.8934}
{"arm": "nemotron-3b-think-ar", "case_id": "business-c2-002-n32-v4", "stop_reason": "eos", "output_tokens": 324, "nfe": 325, "elapsed_seconds": 11.8575}
[transformers] Calling `crop` with a positive value is deprecated and will be removed in version 5.18. Please use a negative integer to remove that number of tokens from the cache instead.
{"arm": "nemotron-3b-think-linear_spec", "case_id": "business-c1-000-n8-v4", "stop_reason": "eos", "output_tokens": 91, "nfe": 25, "elapsed_seconds": 1.0835}
{"arm": "nemotron-3b-think-linear_spec", "case_id": "business-c2-000-n8-v4", "stop_reason": "eos", "output_tokens": 83, "nfe": 19, "elapsed_seconds": 0.8102}
{"arm": "nemotron-3b-think-linear_spec", "case_id": "business-c1-000-n16-v4", "stop_reason": "eos", "output_tokens": 175, "nfe": 45, "elapsed_seconds": 1.9324}
{"arm": "nemotron-3b-think-linear_spec", "case_id": "business-c2-000-n16-v4", "stop_reason": "eos", "output_tokens": 163, "nfe": 33, "elapsed_seconds": 1.404}
{"arm": "nemotron-3b-think-linear_spec", "case_id": "business-c1-000-n32-v4", "stop_reason": "eos", "output_tokens": 349, "nfe": 83, "elapsed_seconds": 3.6638}
{"arm": "nemotron-3b-think-linear_spec", "case_id": "business-c2-000-n32-v4", "stop_reason": "eos", "output_tokens": 323, "nfe": 47, "elapsed_seconds": 2.1135}
{"arm": "nemotron-3b-think-linear_spec", "case_id": "business-c1-001-n8-v4", "stop_reason": "eos", "output_tokens": 91, "nfe": 21, "elapsed_seconds": 0.9351}
{"arm": "nemotron-3b-think-linear_spec", "case_id": "business-c2-001-n8-v4", "stop_reason": "eos", "output_tokens": 83, "nfe": 17, "elapsed_seconds": 0.7415}
{"arm": "nemotron-3b-think-linear_spec", "case_id": "business-c1-001-n16-v4", "stop_reason": "eos", "output_tokens": 179, "nfe": 43, "elapsed_seconds": 1.8612}
{"arm": "nemotron-3b-think-linear_spec", "case_id": "business-c2-001-n16-v4", "stop_reason": "eos", "output_tokens": 162, "nfe": 25, "elapsed_seconds": 1.0796}
{"arm": "nemotron-3b-think-linear_spec", "case_id": "business-c1-001-n32-v4", "stop_reason": "eos", "output_tokens": 354, "nfe": 95, "elapsed_seconds": 4.1715}
{"arm": "nemotron-3b-think-linear_spec", "case_id": "business-c2-001-n32-v4", "stop_reason": "eos", "output_tokens": 322, "nfe": 51, "elapsed_seconds": 2.2661}
{"arm": "nemotron-3b-think-linear_spec", "case_id": "business-c1-002-n8-v4", "stop_reason": "eos", "output_tokens": 91, "nfe": 23, "elapsed_seconds": 1.009}
{"arm": "nemotron-3b-think-linear_spec", "case_id": "business-c2-002-n8-v4", "stop_reason": "eos", "output_tokens": 84, "nfe": 19, "elapsed_seconds": 0.8217}
{"arm": "nemotron-3b-think-linear_spec", "case_id": "business-c1-002-n16-v4", "stop_reason": "eos", "output_tokens": 179, "nfe": 39, "elapsed_seconds": 1.7027}
{"arm": "nemotron-3b-think-linear_spec", "case_id": "business-c2-002-n16-v4", "stop_reason": "eos", "output_tokens": 172, "nfe": 35, "elapsed_seconds": 1.5236}
{"arm": "nemotron-3b-think-linear_spec", "case_id": "business-c1-002-n32-v4", "stop_reason": "eos", "output_tokens": 355, "nfe": 79, "elapsed_seconds": 3.4993}
{"arm": "nemotron-3b-think-linear_spec", "case_id": "business-c2-002-n32-v4", "stop_reason": "eos", "output_tokens": 324, "nfe": 61, "elapsed_seconds": 2.7134}
/usr/local/lib/python3.13/dist-packages/transformers/modeling_rope_utils.py:1080: FutureWarning: `rope_config_validation` is deprecated and has been removed. Its functionality has been moved to RotaryEmbeddingConfigMixin.validate_rope method. PreTrainedConfig inherits this class, so please call self.validate_rope() instead. Also, make sure to use the new rope_parameters syntax. You can call self.standardize_rope_params() in the meantime.
  warnings.warn(
[transformers] Unrecognized keys in `rope_parameters` for 'rope_type'='yarn': {'llama_4_scaling_beta'}
[transformers] Unrecognized keys in `rope_parameters` for 'rope_type'='yarn': {'llama_4_scaling_beta'}
[transformers] Model config: mask_token_id must be `None` or an integer within the vocabulary (between 0 and 131071), got -1. This may result in unexpected behavior.
[transformers] Unrecognized keys in `rope_parameters` for 'rope_type'='yarn': {'llama_4_scaling_beta'}
[transformers] Unrecognized keys in `rope_parameters` for 'rope_type'='yarn': {'llama_4_scaling_beta'}
[transformers] The `check_model_inputs` decorator is deprecated in favor of `merge_with_config_defaults`.
[ERROR] `cache_position` is part of Ministral3Model.forward's signature, but not documented. Make sure to add it to the docstring of the function in /root/.cache/huggingface/modules/transformers_modules/nvidia/Nemotron_hyphen_Labs_hyphen_Diffusion_hyphen_3B/0d51902da1f8869f83413ce642fab402fa5641e0/modeling_ministral.py.
Loading weights:   0%|          | 0/237 [00:00<?, ?it/s]Loading weights: 100%|██████████| 237/237 [00:00<00:00, 5610.84it/s]
Warning: You are sending unauthenticated requests to the HF Hub. Please set a HF_TOKEN to enable higher rate limits and faster downloads.
{"arm": "nemotron-3b-think-t0.99-b8-diffusion", "case_id": "business-c1-000-n8-v4", "stop_reason": "eos", "output_tokens": 253, "nfe": 89, "elapsed_seconds": 3.6037}
{"arm": "nemotron-3b-think-t0.99-b8-diffusion", "case_id": "business-c2-000-n8-v4", "stop_reason": "eos", "output_tokens": 82, "nfe": 44, "elapsed_seconds": 1.7863}
{"arm": "nemotron-3b-think-t0.99-b8-diffusion", "case_id": "business-c1-000-n16-v4", "stop_reason": "eos", "output_tokens": 178, "nfe": 121, "elapsed_seconds": 4.8996}
{"arm": "nemotron-3b-think-t0.99-b8-diffusion", "case_id": "business-c2-000-n16-v4", "stop_reason": "eos", "output_tokens": 163, "nfe": 81, "elapsed_seconds": 3.235}
{"arm": "nemotron-3b-think-t0.99-b8-diffusion", "case_id": "business-c1-000-n32-v4", "stop_reason": "eos", "output_tokens": 355, "nfe": 251, "elapsed_seconds": 9.8991}
{"arm": "nemotron-3b-think-t0.99-b8-diffusion", "case_id": "business-c2-000-n32-v4", "stop_reason": "eos", "output_tokens": 323, "nfe": 148, "elapsed_seconds": 5.9457}
{"arm": "nemotron-3b-think-t0.99-b8-diffusion", "case_id": "business-c1-001-n8-v4", "stop_reason": "eos", "output_tokens": 91, "nfe": 56, "elapsed_seconds": 2.2818}
{"arm": "nemotron-3b-think-t0.99-b8-diffusion", "case_id": "business-c2-001-n8-v4", "stop_reason": "eos", "output_tokens": 83, "nfe": 51, "elapsed_seconds": 2.0906}
{"arm": "nemotron-3b-think-t0.99-b8-diffusion", "case_id": "business-c1-001-n16-v4", "stop_reason": "eos", "output_tokens": 194, "nfe": 114, "elapsed_seconds": 4.515}
{"arm": "nemotron-3b-think-t0.99-b8-diffusion", "case_id": "business-c2-001-n16-v4", "stop_reason": "eos", "output_tokens": 152, "nfe": 72, "elapsed_seconds": 2.9348}
{"arm": "nemotron-3b-think-t0.99-b8-diffusion", "case_id": "business-c1-001-n32-v4", "stop_reason": "eos", "output_tokens": 387, "nfe": 247, "elapsed_seconds": 9.7837}
{"arm": "nemotron-3b-think-t0.99-b8-diffusion", "case_id": "business-c2-001-n32-v4", "stop_reason": "eos", "output_tokens": 326, "nfe": 146, "elapsed_seconds": 5.8961}
{"arm": "nemotron-3b-think-t0.99-b8-diffusion", "case_id": "business-c1-002-n8-v4", "stop_reason": "eos", "output_tokens": 99, "nfe": 70, "elapsed_seconds": 2.7937}
{"arm": "nemotron-3b-think-t0.99-b8-diffusion", "case_id": "business-c2-002-n8-v4", "stop_reason": "eos", "output_tokens": 83, "nfe": 46, "elapsed_seconds": 1.8359}
{"arm": "nemotron-3b-think-t0.99-b8-diffusion", "case_id": "business-c1-002-n16-v4", "stop_reason": "eos", "output_tokens": 195, "nfe": 133, "elapsed_seconds": 5.2746}
{"arm": "nemotron-3b-think-t0.99-b8-diffusion", "case_id": "business-c2-002-n16-v4", "stop_reason": "eos", "output_tokens": 167, "nfe": 89, "elapsed_seconds": 3.6178}
{"arm": "nemotron-3b-think-t0.99-b8-diffusion", "case_id": "business-c1-002-n32-v4", "stop_reason": "eos", "output_tokens": 356, "nfe": 238, "elapsed_seconds": 9.376}
{"arm": "nemotron-3b-think-t0.99-b8-diffusion", "case_id": "business-c2-002-n32-v4", "stop_reason": "eos", "output_tokens": 324, "nfe": 155, "elapsed_seconds": 6.1636}
ALL_DONE
